Line 689: Class TrueDBGrid70.TDBGrid of control TDBGridEmpr2 was not a loaded control class.
Line 827: Class TrueDBGrid70.TDBGrid of control TDBGridObs2 was not a loaded control class.
Line 1199: Class TrueDBGrid70.TDBGrid of control TDBGridEmpr1 was not a loaded control class.
Line 1337: Class TrueDBGrid70.TDBGrid of control TDBGridMoeda1 was not a loaded control class.
Line 1476: Class TrueDBGrid70.TDBGrid of control TDBGridObs1 was not a loaded control class.
Line 1615: Class TrueDBGrid70.TDBGrid of control TDBGridMoeda2 was not a loaded control class.
Line 1999: Class TrueDBGrid70.TDBGrid of control TDBGrid1 was not a loaded control class.
Line 695: The property name _ExtentX in TDBGridEmpr2 is invalid.
Line 696: The property name _ExtentY in TDBGridEmpr2 is invalid.
Line 697: The property name _LayoutType in TDBGridEmpr2 is invalid.
Line 698: The property name _RowHeight in TDBGridEmpr2 is invalid.
Line 699: The property name _WasPersistedAsPixels in TDBGridEmpr2 is invalid.
Line 700: The property name Columns(0)._VlistStyle in TDBGridEmpr2 is invalid.
Line 701: The property name Columns(0)._MaxComboItems in TDBGridEmpr2 is invalid.
Line 702: The property name Columns(0).Caption in TDBGridEmpr2 is invalid.
Line 703: The property name Columns(0).DataField in TDBGridEmpr2 is invalid.
Line 704: The property name Columns(0)._PropDict in TDBGridEmpr2 is invalid.
Line 705: The property name Columns(1)._VlistStyle in TDBGridEmpr2 is invalid.
Line 706: The property name Columns(1)._MaxComboItems in TDBGridEmpr2 is invalid.
Line 707: The property name Columns(1).Caption in TDBGridEmpr2 is invalid.
Line 708: The property name Columns(1).DataField in TDBGridEmpr2 is invalid.
Line 709: The property name Columns(1)._PropDict in TDBGridEmpr2 is invalid.
Line 710: The property name Columns.Count in TDBGridEmpr2 is invalid.
Line 711: The property name Splits(0)._UserFlags in TDBGridEmpr2 is invalid.
Line 712: The property name Splits(0).ExtendRightColumn in TDBGridEmpr2 is invalid.
Line 713: The property name Splits(0).Locked in TDBGridEmpr2 is invalid.
Line 714: The property name Splits(0).MarqueeStyle in TDBGridEmpr2 is invalid.
Line 715: The property name Splits(0).RecordSelectorWidth in TDBGridEmpr2 is invalid.
Line 716: The property name Splits(0).AllowColMove in TDBGridEmpr2 is invalid.
Line 717: The property name Splits(0).DividerColor in TDBGridEmpr2 is invalid.
Line 718: The property name Splits(0).SpringMode in TDBGridEmpr2 is invalid.
Line 719: The property name Splits(0)._PropDict in TDBGridEmpr2 is invalid.
Line 720: The property name Splits(0)._ColumnProps(0) in TDBGridEmpr2 is invalid.
Line 721: The property name Splits(0)._ColumnProps(1) in TDBGridEmpr2 is invalid.
Line 722: The property name Splits(0)._ColumnProps(2) in TDBGridEmpr2 is invalid.
Line 723: The property name Splits(0)._ColumnProps(3) in TDBGridEmpr2 is invalid.
Line 724: The property name Splits(0)._ColumnProps(4) in TDBGridEmpr2 is invalid.
Line 725: The property name Splits(0)._ColumnProps(5) in TDBGridEmpr2 is invalid.
Line 726: The property name Splits(0)._ColumnProps(6) in TDBGridEmpr2 is invalid.
Line 727: The property name Splits(0)._ColumnProps(7) in TDBGridEmpr2 is invalid.
Line 728: The property name Splits(0)._ColumnProps(8) in TDBGridEmpr2 is invalid.
Line 729: The property name Splits(0)._ColumnProps(9) in TDBGridEmpr2 is invalid.
Line 730: The property name Splits(0)._ColumnProps(10) in TDBGridEmpr2 is invalid.
Line 731: The property name Splits(0)._ColumnProps(11) in TDBGridEmpr2 is invalid.
Line 732: The property name Splits(0)._ColumnProps(12) in TDBGridEmpr2 is invalid.
Line 733: The property name Splits(0)._ColumnProps(13) in TDBGridEmpr2 is invalid.
Line 734: The property name Splits(0)._ColumnProps(14) in TDBGridEmpr2 is invalid.
Line 735: The property name Splits(0)._ColumnProps(15) in TDBGridEmpr2 is invalid.
Line 736: The property name Splits(0)._ColumnProps(16) in TDBGridEmpr2 is invalid.
Line 737: The property name Splits(0)._ColumnProps(17) in TDBGridEmpr2 is invalid.
Line 738: The property name Splits(0)._ColumnProps(18) in TDBGridEmpr2 is invalid.
Line 739: The property name Splits(0)._ColumnProps(19) in TDBGridEmpr2 is invalid.
Line 740: The property name Splits(0)._ColumnProps(20) in TDBGridEmpr2 is invalid.
Line 741: The property name Splits(0)._ColumnProps(21) in TDBGridEmpr2 is invalid.
Line 742: The property name Splits.Count in TDBGridEmpr2 is invalid.
Line 743: The property name PrintInfos(0)._StateFlags in TDBGridEmpr2 is invalid.
Line 744: The property name PrintInfos(0).Name in TDBGridEmpr2 is invalid.
Line 745: The property name PrintInfos(0).PageHeaderFont in TDBGridEmpr2 is invalid.
Line 746: The property name PrintInfos(0).PageFooterFont in TDBGridEmpr2 is invalid.
Line 747: The property name PrintInfos(0).PageHeaderHeight in TDBGridEmpr2 is invalid.
Line 748: The property name PrintInfos(0).PageFooterHeight in TDBGridEmpr2 is invalid.
Line 749: The property name PrintInfos.Count in TDBGridEmpr2 is invalid.
Line 750: The property name DataMode in TDBGridEmpr2 is invalid.
Line 751: The property name DefColWidth in TDBGridEmpr2 is invalid.
Line 752: The property name HeadLines in TDBGridEmpr2 is invalid.
Line 753: The property name FootLines in TDBGridEmpr2 is invalid.
Line 754: The property name MultipleLines in TDBGridEmpr2 is invalid.
Line 755: The property name CellTipsWidth in TDBGridEmpr2 is invalid.
Line 756: The property name DeadAreaBackColor in TDBGridEmpr2 is invalid.
Line 757: The property name RowDividerColor in TDBGridEmpr2 is invalid.
Line 758: The property name RowSubDividerColor in TDBGridEmpr2 is invalid.
Line 759: The property name DirectionAfterEnter in TDBGridEmpr2 is invalid.
Line 760: The property name MaxRows in TDBGridEmpr2 is invalid.
Line 761: The property name _PropDict in TDBGridEmpr2 is invalid.
Line 762: The property name _StyleDefs(0) in TDBGridEmpr2 is invalid.
Line 763: The property name _StyleDefs(1) in TDBGridEmpr2 is invalid.
Line 764: The property name _StyleDefs(2) in TDBGridEmpr2 is invalid.
Line 765: The property name _StyleDefs(3) in TDBGridEmpr2 is invalid.
Line 766: The property name _StyleDefs(4) in TDBGridEmpr2 is invalid.
Line 767: The property name _StyleDefs(5) in TDBGridEmpr2 is invalid.
Line 768: The property name _StyleDefs(6) in TDBGridEmpr2 is invalid.
Line 769: The property name _StyleDefs(7) in TDBGridEmpr2 is invalid.
Line 770: The property name _StyleDefs(8) in TDBGridEmpr2 is invalid.
Line 771: The property name _StyleDefs(9) in TDBGridEmpr2 is invalid.
Line 772: The property name _StyleDefs(10) in TDBGridEmpr2 is invalid.
Line 773: The property name _StyleDefs(11) in TDBGridEmpr2 is invalid.
Line 774: The property name _StyleDefs(12) in TDBGridEmpr2 is invalid.
Line 775: The property name _StyleDefs(13) in TDBGridEmpr2 is invalid.
Line 776: The property name _StyleDefs(14) in TDBGridEmpr2 is invalid.
Line 777: The property name _StyleDefs(15) in TDBGridEmpr2 is invalid.
Line 778: The property name _StyleDefs(16) in TDBGridEmpr2 is invalid.
Line 779: The property name _StyleDefs(17) in TDBGridEmpr2 is invalid.
Line 780: The property name _StyleDefs(18) in TDBGridEmpr2 is invalid.
Line 781: The property name _StyleDefs(19) in TDBGridEmpr2 is invalid.
Line 782: The property name _StyleDefs(20) in TDBGridEmpr2 is invalid.
Line 783: The property name _StyleDefs(21) in TDBGridEmpr2 is invalid.
Line 784: The property name _StyleDefs(22) in TDBGridEmpr2 is invalid.
Line 785: The property name _StyleDefs(23) in TDBGridEmpr2 is invalid.
Line 786: The property name _StyleDefs(24) in TDBGridEmpr2 is invalid.
Line 787: The property name _StyleDefs(25) in TDBGridEmpr2 is invalid.
Line 788: The property name _StyleDefs(26) in TDBGridEmpr2 is invalid.
Line 789: The property name _StyleDefs(27) in TDBGridEmpr2 is invalid.
Line 790: The property name _StyleDefs(28) in TDBGridEmpr2 is invalid.
Line 791: The property name _StyleDefs(29) in TDBGridEmpr2 is invalid.
Line 792: The property name _StyleDefs(30) in TDBGridEmpr2 is invalid.
Line 793: The property name _StyleDefs(31) in TDBGridEmpr2 is invalid.
Line 794: The property name _StyleDefs(32) in TDBGridEmpr2 is invalid.
Line 795: The property name _StyleDefs(33) in TDBGridEmpr2 is invalid.
Line 796: The property name _StyleDefs(34) in TDBGridEmpr2 is invalid.
Line 797: The property name _StyleDefs(35) in TDBGridEmpr2 is invalid.
Line 798: The property name _StyleDefs(36) in TDBGridEmpr2 is invalid.
Line 799: The property name _StyleDefs(37) in TDBGridEmpr2 is invalid.
Line 800: The property name _StyleDefs(38) in TDBGridEmpr2 is invalid.
Line 801: The property name _StyleDefs(39) in TDBGridEmpr2 is invalid.
Line 802: The property name _StyleDefs(40) in TDBGridEmpr2 is invalid.
Line 803: The property name _StyleDefs(41) in TDBGridEmpr2 is invalid.
Line 804: The property name _StyleDefs(42) in TDBGridEmpr2 is invalid.
Line 805: The property name _StyleDefs(43) in TDBGridEmpr2 is invalid.
Line 806: The property name _StyleDefs(44) in TDBGridEmpr2 is invalid.
Line 807: The property name _StyleDefs(45) in TDBGridEmpr2 is invalid.
Line 808: The property name _StyleDefs(46) in TDBGridEmpr2 is invalid.
Line 809: The property name _StyleDefs(47) in TDBGridEmpr2 is invalid.
Line 810: The property name _StyleDefs(48) in TDBGridEmpr2 is invalid.
Line 811: The property name _StyleDefs(49) in TDBGridEmpr2 is invalid.
Line 812: The property name _StyleDefs(50) in TDBGridEmpr2 is invalid.
Line 813: The property name _StyleDefs(51) in TDBGridEmpr2 is invalid.
Line 814: The property name _StyleDefs(52) in TDBGridEmpr2 is invalid.
Line 815: The property name _StyleDefs(53) in TDBGridEmpr2 is invalid.
Line 816: The property name _StyleDefs(54) in TDBGridEmpr2 is invalid.
Line 817: The property name _StyleDefs(55) in TDBGridEmpr2 is invalid.
Line 818: The property name _StyleDefs(56) in TDBGridEmpr2 is invalid.
Line 819: The property name _StyleDefs(57) in TDBGridEmpr2 is invalid.
Line 820: The property name _StyleDefs(58) in TDBGridEmpr2 is invalid.
Line 821: The property name _StyleDefs(59) in TDBGridEmpr2 is invalid.
Line 822: The property name _StyleDefs(60) in TDBGridEmpr2 is invalid.
Line 823: The property name _StyleDefs(61) in TDBGridEmpr2 is invalid.
Line 824: The property name _StyleDefs(62) in TDBGridEmpr2 is invalid.
Line 825: The property name _StyleDefs(63) in TDBGridEmpr2 is invalid.
Line 833: The property name _ExtentX in TDBGridObs2 is invalid.
Line 834: The property name _ExtentY in TDBGridObs2 is invalid.
Line 835: The property name _LayoutType in TDBGridObs2 is invalid.
Line 836: The property name _RowHeight in TDBGridObs2 is invalid.
Line 837: The property name _WasPersistedAsPixels in TDBGridObs2 is invalid.
Line 838: The property name Columns(0)._VlistStyle in TDBGridObs2 is invalid.
Line 839: The property name Columns(0)._MaxComboItems in TDBGridObs2 is invalid.
Line 840: The property name Columns(0).Caption in TDBGridObs2 is invalid.
Line 841: The property name Columns(0).DataField in TDBGridObs2 is invalid.
Line 842: The property name Columns(0)._PropDict in TDBGridObs2 is invalid.
Line 843: The property name Columns(1)._VlistStyle in TDBGridObs2 is invalid.
Line 844: The property name Columns(1)._MaxComboItems in TDBGridObs2 is invalid.
Line 845: The property name Columns(1).Caption in TDBGridObs2 is invalid.
Line 846: The property name Columns(1).DataField in TDBGridObs2 is invalid.
Line 847: The property name Columns(1)._PropDict in TDBGridObs2 is invalid.
Line 848: The property name Columns.Count in TDBGridObs2 is invalid.
Line 849: The property name Splits(0)._UserFlags in TDBGridObs2 is invalid.
Line 850: The property name Splits(0).ExtendRightColumn in TDBGridObs2 is invalid.
Line 851: The property name Splits(0).Locked in TDBGridObs2 is invalid.
Line 852: The property name Splits(0).MarqueeStyle in TDBGridObs2 is invalid.
Line 853: The property name Splits(0).RecordSelectorWidth in TDBGridObs2 is invalid.
Line 854: The property name Splits(0).AllowColMove in TDBGridObs2 is invalid.
Line 855: The property name Splits(0).DividerColor in TDBGridObs2 is invalid.
Line 856: The property name Splits(0).SpringMode in TDBGridObs2 is invalid.
Line 857: The property name Splits(0)._PropDict in TDBGridObs2 is invalid.
Line 858: The property name Splits(0)._ColumnProps(0) in TDBGridObs2 is invalid.
Line 859: The property name Splits(0)._ColumnProps(1) in TDBGridObs2 is invalid.
Line 860: The property name Splits(0)._ColumnProps(2) in TDBGridObs2 is invalid.
Line 861: The property name Splits(0)._ColumnProps(3) in TDBGridObs2 is invalid.
Line 862: The property name Splits(0)._ColumnProps(4) in TDBGridObs2 is invalid.
Line 863: The property name Splits(0)._ColumnProps(5) in TDBGridObs2 is invalid.
Line 864: The property name Splits(0)._ColumnProps(6) in TDBGridObs2 is invalid.
Line 865: The property name Splits(0)._ColumnProps(7) in TDBGridObs2 is invalid.
Line 866: The property name Splits(0)._ColumnProps(8) in TDBGridObs2 is invalid.
Line 867: The property name Splits(0)._ColumnProps(9) in TDBGridObs2 is invalid.
Line 868: The property name Splits(0)._ColumnProps(10) in TDBGridObs2 is invalid.
Line 869: The property name Splits(0)._ColumnProps(11) in TDBGridObs2 is invalid.
Line 870: The property name Splits(0)._ColumnProps(12) in TDBGridObs2 is invalid.
Line 871: The property name Splits(0)._ColumnProps(13) in TDBGridObs2 is invalid.
Line 872: The property name Splits(0)._ColumnProps(14) in TDBGridObs2 is invalid.
Line 873: The property name Splits(0)._ColumnProps(15) in TDBGridObs2 is invalid.
Line 874: The property name Splits(0)._ColumnProps(16) in TDBGridObs2 is invalid.
Line 875: The property name Splits(0)._ColumnProps(17) in TDBGridObs2 is invalid.
Line 876: The property name Splits(0)._ColumnProps(18) in TDBGridObs2 is invalid.
Line 877: The property name Splits(0)._ColumnProps(19) in TDBGridObs2 is invalid.
Line 878: The property name Splits(0)._ColumnProps(20) in TDBGridObs2 is invalid.
Line 879: The property name Splits(0)._ColumnProps(21) in TDBGridObs2 is invalid.
Line 880: The property name Splits(0)._ColumnProps(22) in TDBGridObs2 is invalid.
Line 881: The property name Splits.Count in TDBGridObs2 is invalid.
Line 882: The property name PrintInfos(0)._StateFlags in TDBGridObs2 is invalid.
Line 883: The property name PrintInfos(0).Name in TDBGridObs2 is invalid.
Line 884: The property name PrintInfos(0).PageHeaderFont in TDBGridObs2 is invalid.
Line 885: The property name PrintInfos(0).PageFooterFont in TDBGridObs2 is invalid.
Line 886: The property name PrintInfos(0).PageHeaderHeight in TDBGridObs2 is invalid.
Line 887: The property name PrintInfos(0).PageFooterHeight in TDBGridObs2 is invalid.
Line 888: The property name PrintInfos.Count in TDBGridObs2 is invalid.
Line 889: The property name DataMode in TDBGridObs2 is invalid.
Line 890: The property name DefColWidth in TDBGridObs2 is invalid.
Line 891: The property name HeadLines in TDBGridObs2 is invalid.
Line 892: The property name FootLines in TDBGridObs2 is invalid.
Line 893: The property name MultipleLines in TDBGridObs2 is invalid.
Line 894: The property name CellTipsWidth in TDBGridObs2 is invalid.
Line 895: The property name DeadAreaBackColor in TDBGridObs2 is invalid.
Line 896: The property name RowDividerColor in TDBGridObs2 is invalid.
Line 897: The property name RowSubDividerColor in TDBGridObs2 is invalid.
Line 898: The property name DirectionAfterEnter in TDBGridObs2 is invalid.
Line 899: The property name MaxRows in TDBGridObs2 is invalid.
Line 900: The property name _PropDict in TDBGridObs2 is invalid.
Line 901: The property name _StyleDefs(0) in TDBGridObs2 is invalid.
Line 902: The property name _StyleDefs(1) in TDBGridObs2 is invalid.
Line 903: The property name _StyleDefs(2) in TDBGridObs2 is invalid.
Line 904: The property name _StyleDefs(3) in TDBGridObs2 is invalid.
Line 905: The property name _StyleDefs(4) in TDBGridObs2 is invalid.
Line 906: The property name _StyleDefs(5) in TDBGridObs2 is invalid.
Line 907: The property name _StyleDefs(6) in TDBGridObs2 is invalid.
Line 908: The property name _StyleDefs(7) in TDBGridObs2 is invalid.
Line 909: The property name _StyleDefs(8) in TDBGridObs2 is invalid.
Line 910: The property name _StyleDefs(9) in TDBGridObs2 is invalid.
Line 911: The property name _StyleDefs(10) in TDBGridObs2 is invalid.
Line 912: The property name _StyleDefs(11) in TDBGridObs2 is invalid.
Line 913: The property name _StyleDefs(12) in TDBGridObs2 is invalid.
Line 914: The property name _StyleDefs(13) in TDBGridObs2 is invalid.
Line 915: The property name _StyleDefs(14) in TDBGridObs2 is invalid.
Line 916: The property name _StyleDefs(15) in TDBGridObs2 is invalid.
Line 917: The property name _StyleDefs(16) in TDBGridObs2 is invalid.
Line 918: The property name _StyleDefs(17) in TDBGridObs2 is invalid.
Line 919: The property name _StyleDefs(18) in TDBGridObs2 is invalid.
Line 920: The property name _StyleDefs(19) in TDBGridObs2 is invalid.
Line 921: The property name _StyleDefs(20) in TDBGridObs2 is invalid.
Line 922: The property name _StyleDefs(21) in TDBGridObs2 is invalid.
Line 923: The property name _StyleDefs(22) in TDBGridObs2 is invalid.
Line 924: The property name _StyleDefs(23) in TDBGridObs2 is invalid.
Line 925: The property name _StyleDefs(24) in TDBGridObs2 is invalid.
Line 926: The property name _StyleDefs(25) in TDBGridObs2 is invalid.
Line 927: The property name _StyleDefs(26) in TDBGridObs2 is invalid.
Line 928: The property name _StyleDefs(27) in TDBGridObs2 is invalid.
Line 929: The property name _StyleDefs(28) in TDBGridObs2 is invalid.
Line 930: The property name _StyleDefs(29) in TDBGridObs2 is invalid.
Line 931: The property name _StyleDefs(30) in TDBGridObs2 is invalid.
Line 932: The property name _StyleDefs(31) in TDBGridObs2 is invalid.
Line 933: The property name _StyleDefs(32) in TDBGridObs2 is invalid.
Line 934: The property name _StyleDefs(33) in TDBGridObs2 is invalid.
Line 935: The property name _StyleDefs(34) in TDBGridObs2 is invalid.
Line 936: The property name _StyleDefs(35) in TDBGridObs2 is invalid.
Line 937: The property name _StyleDefs(36) in TDBGridObs2 is invalid.
Line 938: The property name _StyleDefs(37) in TDBGridObs2 is invalid.
Line 939: The property name _StyleDefs(38) in TDBGridObs2 is invalid.
Line 940: The property name _StyleDefs(39) in TDBGridObs2 is invalid.
Line 941: The property name _StyleDefs(40) in TDBGridObs2 is invalid.
Line 942: The property name _StyleDefs(41) in TDBGridObs2 is invalid.
Line 943: The property name _StyleDefs(42) in TDBGridObs2 is invalid.
Line 944: The property name _StyleDefs(43) in TDBGridObs2 is invalid.
Line 945: The property name _StyleDefs(44) in TDBGridObs2 is invalid.
Line 946: The property name _StyleDefs(45) in TDBGridObs2 is invalid.
Line 947: The property name _StyleDefs(46) in TDBGridObs2 is invalid.
Line 948: The property name _StyleDefs(47) in TDBGridObs2 is invalid.
Line 949: The property name _StyleDefs(48) in TDBGridObs2 is invalid.
Line 950: The property name _StyleDefs(49) in TDBGridObs2 is invalid.
Line 951: The property name _StyleDefs(50) in TDBGridObs2 is invalid.
Line 952: The property name _StyleDefs(51) in TDBGridObs2 is invalid.
Line 953: The property name _StyleDefs(52) in TDBGridObs2 is invalid.
Line 954: The property name _StyleDefs(53) in TDBGridObs2 is invalid.
Line 955: The property name _StyleDefs(54) in TDBGridObs2 is invalid.
Line 956: The property name _StyleDefs(55) in TDBGridObs2 is invalid.
Line 957: The property name _StyleDefs(56) in TDBGridObs2 is invalid.
Line 958: The property name _StyleDefs(57) in TDBGridObs2 is invalid.
Line 959: The property name _StyleDefs(58) in TDBGridObs2 is invalid.
Line 960: The property name _StyleDefs(59) in TDBGridObs2 is invalid.
Line 961: The property name _StyleDefs(60) in TDBGridObs2 is invalid.
Line 962: The property name _StyleDefs(61) in TDBGridObs2 is invalid.
Line 963: The property name _StyleDefs(62) in TDBGridObs2 is invalid.
Line 964: The property name _StyleDefs(63) in TDBGridObs2 is invalid.
Line 1205: The property name _ExtentX in TDBGridEmpr1 is invalid.
Line 1206: The property name _ExtentY in TDBGridEmpr1 is invalid.
Line 1207: The property name _LayoutType in TDBGridEmpr1 is invalid.
Line 1208: The property name _RowHeight in TDBGridEmpr1 is invalid.
Line 1209: The property name _WasPersistedAsPixels in TDBGridEmpr1 is invalid.
Line 1210: The property name Columns(0)._VlistStyle in TDBGridEmpr1 is invalid.
Line 1211: The property name Columns(0)._MaxComboItems in TDBGridEmpr1 is invalid.
Line 1212: The property name Columns(0).Caption in TDBGridEmpr1 is invalid.
Line 1213: The property name Columns(0).DataField in TDBGridEmpr1 is invalid.
Line 1214: The property name Columns(0)._PropDict in TDBGridEmpr1 is invalid.
Line 1215: The property name Columns(1)._VlistStyle in TDBGridEmpr1 is invalid.
Line 1216: The property name Columns(1)._MaxComboItems in TDBGridEmpr1 is invalid.
Line 1217: The property name Columns(1).Caption in TDBGridEmpr1 is invalid.
Line 1218: The property name Columns(1).DataField in TDBGridEmpr1 is invalid.
Line 1219: The property name Columns(1)._PropDict in TDBGridEmpr1 is invalid.
Line 1220: The property name Columns.Count in TDBGridEmpr1 is invalid.
Line 1221: The property name Splits(0)._UserFlags in TDBGridEmpr1 is invalid.
Line 1222: The property name Splits(0).ExtendRightColumn in TDBGridEmpr1 is invalid.
Line 1223: The property name Splits(0).Locked in TDBGridEmpr1 is invalid.
Line 1224: The property name Splits(0).MarqueeStyle in TDBGridEmpr1 is invalid.
Line 1225: The property name Splits(0).RecordSelectorWidth in TDBGridEmpr1 is invalid.
Line 1226: The property name Splits(0).AllowColMove in TDBGridEmpr1 is invalid.
Line 1227: The property name Splits(0).DividerColor in TDBGridEmpr1 is invalid.
Line 1228: The property name Splits(0).SpringMode in TDBGridEmpr1 is invalid.
Line 1229: The property name Splits(0)._PropDict in TDBGridEmpr1 is invalid.
Line 1230: The property name Splits(0)._ColumnProps(0) in TDBGridEmpr1 is invalid.
Line 1231: The property name Splits(0)._ColumnProps(1) in TDBGridEmpr1 is invalid.
Line 1232: The property name Splits(0)._ColumnProps(2) in TDBGridEmpr1 is invalid.
Line 1233: The property name Splits(0)._ColumnProps(3) in TDBGridEmpr1 is invalid.
Line 1234: The property name Splits(0)._ColumnProps(4) in TDBGridEmpr1 is invalid.
Line 1235: The property name Splits(0)._ColumnProps(5) in TDBGridEmpr1 is invalid.
Line 1236: The property name Splits(0)._ColumnProps(6) in TDBGridEmpr1 is invalid.
Line 1237: The property name Splits(0)._ColumnProps(7) in TDBGridEmpr1 is invalid.
Line 1238: The property name Splits(0)._ColumnProps(8) in TDBGridEmpr1 is invalid.
Line 1239: The property name Splits(0)._ColumnProps(9) in TDBGridEmpr1 is invalid.
Line 1240: The property name Splits(0)._ColumnProps(10) in TDBGridEmpr1 is invalid.
Line 1241: The property name Splits(0)._ColumnProps(11) in TDBGridEmpr1 is invalid.
Line 1242: The property name Splits(0)._ColumnProps(12) in TDBGridEmpr1 is invalid.
Line 1243: The property name Splits(0)._ColumnProps(13) in TDBGridEmpr1 is invalid.
Line 1244: The property name Splits(0)._ColumnProps(14) in TDBGridEmpr1 is invalid.
Line 1245: The property name Splits(0)._ColumnProps(15) in TDBGridEmpr1 is invalid.
Line 1246: The property name Splits(0)._ColumnProps(16) in TDBGridEmpr1 is invalid.
Line 1247: The property name Splits(0)._ColumnProps(17) in TDBGridEmpr1 is invalid.
Line 1248: The property name Splits(0)._ColumnProps(18) in TDBGridEmpr1 is invalid.
Line 1249: The property name Splits(0)._ColumnProps(19) in TDBGridEmpr1 is invalid.
Line 1250: The property name Splits(0)._ColumnProps(20) in TDBGridEmpr1 is invalid.
Line 1251: The property name Splits(0)._ColumnProps(21) in TDBGridEmpr1 is invalid.
Line 1252: The property name Splits.Count in TDBGridEmpr1 is invalid.
Line 1253: The property name PrintInfos(0)._StateFlags in TDBGridEmpr1 is invalid.
Line 1254: The property name PrintInfos(0).Name in TDBGridEmpr1 is invalid.
Line 1255: The property name PrintInfos(0).PageHeaderFont in TDBGridEmpr1 is invalid.
Line 1256: The property name PrintInfos(0).PageFooterFont in TDBGridEmpr1 is invalid.
Line 1257: The property name PrintInfos(0).PageHeaderHeight in TDBGridEmpr1 is invalid.
Line 1258: The property name PrintInfos(0).PageFooterHeight in TDBGridEmpr1 is invalid.
Line 1259: The property name PrintInfos.Count in TDBGridEmpr1 is invalid.
Line 1260: The property name DataMode in TDBGridEmpr1 is invalid.
Line 1261: The property name DefColWidth in TDBGridEmpr1 is invalid.
Line 1262: The property name HeadLines in TDBGridEmpr1 is invalid.
Line 1263: The property name FootLines in TDBGridEmpr1 is invalid.
Line 1264: The property name MultipleLines in TDBGridEmpr1 is invalid.
Line 1265: The property name CellTipsWidth in TDBGridEmpr1 is invalid.
Line 1266: The property name DeadAreaBackColor in TDBGridEmpr1 is invalid.
Line 1267: The property name RowDividerColor in TDBGridEmpr1 is invalid.
Line 1268: The property name RowSubDividerColor in TDBGridEmpr1 is invalid.
Line 1269: The property name DirectionAfterEnter in TDBGridEmpr1 is invalid.
Line 1270: The property name MaxRows in TDBGridEmpr1 is invalid.
Line 1271: The property name _PropDict in TDBGridEmpr1 is invalid.
Line 1272: The property name _StyleDefs(0) in TDBGridEmpr1 is invalid.
Line 1273: The property name _StyleDefs(1) in TDBGridEmpr1 is invalid.
Line 1274: The property name _StyleDefs(2) in TDBGridEmpr1 is invalid.
Line 1275: The property name _StyleDefs(3) in TDBGridEmpr1 is invalid.
Line 1276: The property name _StyleDefs(4) in TDBGridEmpr1 is invalid.
Line 1277: The property name _StyleDefs(5) in TDBGridEmpr1 is invalid.
Line 1278: The property name _StyleDefs(6) in TDBGridEmpr1 is invalid.
Line 1279: The property name _StyleDefs(7) in TDBGridEmpr1 is invalid.
Line 1280: The property name _StyleDefs(8) in TDBGridEmpr1 is invalid.
Line 1281: The property name _StyleDefs(9) in TDBGridEmpr1 is invalid.
Line 1282: The property name _StyleDefs(10) in TDBGridEmpr1 is invalid.
Line 1283: The property name _StyleDefs(11) in TDBGridEmpr1 is invalid.
Line 1284: The property name _StyleDefs(12) in TDBGridEmpr1 is invalid.
Line 1285: The property name _StyleDefs(13) in TDBGridEmpr1 is invalid.
Line 1286: The property name _StyleDefs(14) in TDBGridEmpr1 is invalid.
Line 1287: The property name _StyleDefs(15) in TDBGridEmpr1 is invalid.
Line 1288: The property name _StyleDefs(16) in TDBGridEmpr1 is invalid.
Line 1289: The property name _StyleDefs(17) in TDBGridEmpr1 is invalid.
Line 1290: The property name _StyleDefs(18) in TDBGridEmpr1 is invalid.
Line 1291: The property name _StyleDefs(19) in TDBGridEmpr1 is invalid.
Line 1292: The property name _StyleDefs(20) in TDBGridEmpr1 is invalid.
Line 1293: The property name _StyleDefs(21) in TDBGridEmpr1 is invalid.
Line 1294: The property name _StyleDefs(22) in TDBGridEmpr1 is invalid.
Line 1295: The property name _StyleDefs(23) in TDBGridEmpr1 is invalid.
Line 1296: The property name _StyleDefs(24) in TDBGridEmpr1 is invalid.
Line 1297: The property name _StyleDefs(25) in TDBGridEmpr1 is invalid.
Line 1298: The property name _StyleDefs(26) in TDBGridEmpr1 is invalid.
Line 1299: The property name _StyleDefs(27) in TDBGridEmpr1 is invalid.
Line 1300: The property name _StyleDefs(28) in TDBGridEmpr1 is invalid.
Line 1301: The property name _StyleDefs(29) in TDBGridEmpr1 is invalid.
Line 1302: The property name _StyleDefs(30) in TDBGridEmpr1 is invalid.
Line 1303: The property name _StyleDefs(31) in TDBGridEmpr1 is invalid.
Line 1304: The property name _StyleDefs(32) in TDBGridEmpr1 is invalid.
Line 1305: The property name _StyleDefs(33) in TDBGridEmpr1 is invalid.
Line 1306: The property name _StyleDefs(34) in TDBGridEmpr1 is invalid.
Line 1307: The property name _StyleDefs(35) in TDBGridEmpr1 is invalid.
Line 1308: The property name _StyleDefs(36) in TDBGridEmpr1 is invalid.
Line 1309: The property name _StyleDefs(37) in TDBGridEmpr1 is invalid.
Line 1310: The property name _StyleDefs(38) in TDBGridEmpr1 is invalid.
Line 1311: The property name _StyleDefs(39) in TDBGridEmpr1 is invalid.
Line 1312: The property name _StyleDefs(40) in TDBGridEmpr1 is invalid.
Line 1313: The property name _StyleDefs(41) in TDBGridEmpr1 is invalid.
Line 1314: The property name _StyleDefs(42) in TDBGridEmpr1 is invalid.
Line 1315: The property name _StyleDefs(43) in TDBGridEmpr1 is invalid.
Line 1316: The property name _StyleDefs(44) in TDBGridEmpr1 is invalid.
Line 1317: The property name _StyleDefs(45) in TDBGridEmpr1 is invalid.
Line 1318: The property name _StyleDefs(46) in TDBGridEmpr1 is invalid.
Line 1319: The property name _StyleDefs(47) in TDBGridEmpr1 is invalid.
Line 1320: The property name _StyleDefs(48) in TDBGridEmpr1 is invalid.
Line 1321: The property name _StyleDefs(49) in TDBGridEmpr1 is invalid.
Line 1322: The property name _StyleDefs(50) in TDBGridEmpr1 is invalid.
Line 1323: The property name _StyleDefs(51) in TDBGridEmpr1 is invalid.
Line 1324: The property name _StyleDefs(52) in TDBGridEmpr1 is invalid.
Line 1325: The property name _StyleDefs(53) in TDBGridEmpr1 is invalid.
Line 1326: The property name _StyleDefs(54) in TDBGridEmpr1 is invalid.
Line 1327: The property name _StyleDefs(55) in TDBGridEmpr1 is invalid.
Line 1328: The property name _StyleDefs(56) in TDBGridEmpr1 is invalid.
Line 1329: The property name _StyleDefs(57) in TDBGridEmpr1 is invalid.
Line 1330: The property name _StyleDefs(58) in TDBGridEmpr1 is invalid.
Line 1331: The property name _StyleDefs(59) in TDBGridEmpr1 is invalid.
Line 1332: The property name _StyleDefs(60) in TDBGridEmpr1 is invalid.
Line 1333: The property name _StyleDefs(61) in TDBGridEmpr1 is invalid.
Line 1334: The property name _StyleDefs(62) in TDBGridEmpr1 is invalid.
Line 1335: The property name _StyleDefs(63) in TDBGridEmpr1 is invalid.
Line 1343: The property name _ExtentX in TDBGridMoeda1 is invalid.
Line 1344: The property name _ExtentY in TDBGridMoeda1 is invalid.
Line 1345: The property name _LayoutType in TDBGridMoeda1 is invalid.
Line 1346: The property name _RowHeight in TDBGridMoeda1 is invalid.
Line 1347: The property name _WasPersistedAsPixels in TDBGridMoeda1 is invalid.
Line 1348: The property name Columns(0)._VlistStyle in TDBGridMoeda1 is invalid.
Line 1349: The property name Columns(0)._MaxComboItems in TDBGridMoeda1 is invalid.
Line 1350: The property name Columns(0).Caption in TDBGridMoeda1 is invalid.
Line 1351: The property name Columns(0).DataField in TDBGridMoeda1 is invalid.
Line 1352: The property name Columns(0)._PropDict in TDBGridMoeda1 is invalid.
Line 1353: The property name Columns(1)._VlistStyle in TDBGridMoeda1 is invalid.
Line 1354: The property name Columns(1)._MaxComboItems in TDBGridMoeda1 is invalid.
Line 1355: The property name Columns(1).Caption in TDBGridMoeda1 is invalid.
Line 1356: The property name Columns(1).DataField in TDBGridMoeda1 is invalid.
Line 1357: The property name Columns(1)._PropDict in TDBGridMoeda1 is invalid.
Line 1358: The property name Columns.Count in TDBGridMoeda1 is invalid.
Line 1359: The property name Splits(0)._UserFlags in TDBGridMoeda1 is invalid.
Line 1360: The property name Splits(0).ExtendRightColumn in TDBGridMoeda1 is invalid.
Line 1361: The property name Splits(0).Locked in TDBGridMoeda1 is invalid.
Line 1362: The property name Splits(0).MarqueeStyle in TDBGridMoeda1 is invalid.
Line 1363: The property name Splits(0).RecordSelectorWidth in TDBGridMoeda1 is invalid.
Line 1364: The property name Splits(0).AllowColMove in TDBGridMoeda1 is invalid.
Line 1365: The property name Splits(0).DividerColor in TDBGridMoeda1 is invalid.
Line 1366: The property name Splits(0).SpringMode in TDBGridMoeda1 is invalid.
Line 1367: The property name Splits(0)._PropDict in TDBGridMoeda1 is invalid.
Line 1368: The property name Splits(0)._ColumnProps(0) in TDBGridMoeda1 is invalid.
Line 1369: The property name Splits(0)._ColumnProps(1) in TDBGridMoeda1 is invalid.
Line 1370: The property name Splits(0)._ColumnProps(2) in TDBGridMoeda1 is invalid.
Line 1371: The property name Splits(0)._ColumnProps(3) in TDBGridMoeda1 is invalid.
Line 1372: The property name Splits(0)._ColumnProps(4) in TDBGridMoeda1 is invalid.
Line 1373: The property name Splits(0)._ColumnProps(5) in TDBGridMoeda1 is invalid.
Line 1374: The property name Splits(0)._ColumnProps(6) in TDBGridMoeda1 is invalid.
Line 1375: The property name Splits(0)._ColumnProps(7) in TDBGridMoeda1 is invalid.
Line 1376: The property name Splits(0)._ColumnProps(8) in TDBGridMoeda1 is invalid.
Line 1377: The property name Splits(0)._ColumnProps(9) in TDBGridMoeda1 is invalid.
Line 1378: The property name Splits(0)._ColumnProps(10) in TDBGridMoeda1 is invalid.
Line 1379: The property name Splits(0)._ColumnProps(11) in TDBGridMoeda1 is invalid.
Line 1380: The property name Splits(0)._ColumnProps(12) in TDBGridMoeda1 is invalid.
Line 1381: The property name Splits(0)._ColumnProps(13) in TDBGridMoeda1 is invalid.
Line 1382: The property name Splits(0)._ColumnProps(14) in TDBGridMoeda1 is invalid.
Line 1383: The property name Splits(0)._ColumnProps(15) in TDBGridMoeda1 is invalid.
Line 1384: The property name Splits(0)._ColumnProps(16) in TDBGridMoeda1 is invalid.
Line 1385: The property name Splits(0)._ColumnProps(17) in TDBGridMoeda1 is invalid.
Line 1386: The property name Splits(0)._ColumnProps(18) in TDBGridMoeda1 is invalid.
Line 1387: The property name Splits(0)._ColumnProps(19) in TDBGridMoeda1 is invalid.
Line 1388: The property name Splits(0)._ColumnProps(20) in TDBGridMoeda1 is invalid.
Line 1389: The property name Splits(0)._ColumnProps(21) in TDBGridMoeda1 is invalid.
Line 1390: The property name Splits(0)._ColumnProps(22) in TDBGridMoeda1 is invalid.
Line 1391: The property name Splits.Count in TDBGridMoeda1 is invalid.
Line 1392: The property name PrintInfos(0)._StateFlags in TDBGridMoeda1 is invalid.
Line 1393: The property name PrintInfos(0).Name in TDBGridMoeda1 is invalid.
Line 1394: The property name PrintInfos(0).PageHeaderFont in TDBGridMoeda1 is invalid.
Line 1395: The property name PrintInfos(0).PageFooterFont in TDBGridMoeda1 is invalid.
Line 1396: The property name PrintInfos(0).PageHeaderHeight in TDBGridMoeda1 is invalid.
Line 1397: The property name PrintInfos(0).PageFooterHeight in TDBGridMoeda1 is invalid.
Line 1398: The property name PrintInfos.Count in TDBGridMoeda1 is invalid.
Line 1399: The property name DataMode in TDBGridMoeda1 is invalid.
Line 1400: The property name DefColWidth in TDBGridMoeda1 is invalid.
Line 1401: The property name HeadLines in TDBGridMoeda1 is invalid.
Line 1402: The property name FootLines in TDBGridMoeda1 is invalid.
Line 1403: The property name MultipleLines in TDBGridMoeda1 is invalid.
Line 1404: The property name CellTipsWidth in TDBGridMoeda1 is invalid.
Line 1405: The property name DeadAreaBackColor in TDBGridMoeda1 is invalid.
Line 1406: The property name RowDividerColor in TDBGridMoeda1 is invalid.
Line 1407: The property name RowSubDividerColor in TDBGridMoeda1 is invalid.
Line 1408: The property name DirectionAfterEnter in TDBGridMoeda1 is invalid.
Line 1409: The property name MaxRows in TDBGridMoeda1 is invalid.
Line 1410: The property name _PropDict in TDBGridMoeda1 is invalid.
Line 1411: The property name _StyleDefs(0) in TDBGridMoeda1 is invalid.
Line 1412: The property name _StyleDefs(1) in TDBGridMoeda1 is invalid.
Line 1413: The property name _StyleDefs(2) in TDBGridMoeda1 is invalid.
Line 1414: The property name _StyleDefs(3) in TDBGridMoeda1 is invalid.
Line 1415: The property name _StyleDefs(4) in TDBGridMoeda1 is invalid.
Line 1416: The property name _StyleDefs(5) in TDBGridMoeda1 is invalid.
Line 1417: The property name _StyleDefs(6) in TDBGridMoeda1 is invalid.
Line 1418: The property name _StyleDefs(7) in TDBGridMoeda1 is invalid.
Line 1419: The property name _StyleDefs(8) in TDBGridMoeda1 is invalid.
Line 1420: The property name _StyleDefs(9) in TDBGridMoeda1 is invalid.
Line 1421: The property name _StyleDefs(10) in TDBGridMoeda1 is invalid.
Line 1422: The property name _StyleDefs(11) in TDBGridMoeda1 is invalid.
Line 1423: The property name _StyleDefs(12) in TDBGridMoeda1 is invalid.
Line 1424: The property name _StyleDefs(13) in TDBGridMoeda1 is invalid.
Line 1425: The property name _StyleDefs(14) in TDBGridMoeda1 is invalid.
Line 1426: The property name _StyleDefs(15) in TDBGridMoeda1 is invalid.
Line 1427: The property name _StyleDefs(16) in TDBGridMoeda1 is invalid.
Line 1428: The property name _StyleDefs(17) in TDBGridMoeda1 is invalid.
Line 1429: The property name _StyleDefs(18) in TDBGridMoeda1 is invalid.
Line 1430: The property name _StyleDefs(19) in TDBGridMoeda1 is invalid.
Line 1431: The property name _StyleDefs(20) in TDBGridMoeda1 is invalid.
Line 1432: The property name _StyleDefs(21) in TDBGridMoeda1 is invalid.
Line 1433: The property name _StyleDefs(22) in TDBGridMoeda1 is invalid.
Line 1434: The property name _StyleDefs(23) in TDBGridMoeda1 is invalid.
Line 1435: The property name _StyleDefs(24) in TDBGridMoeda1 is invalid.
Line 1436: The property name _StyleDefs(25) in TDBGridMoeda1 is invalid.
Line 1437: The property name _StyleDefs(26) in TDBGridMoeda1 is invalid.
Line 1438: The property name _StyleDefs(27) in TDBGridMoeda1 is invalid.
Line 1439: The property name _StyleDefs(28) in TDBGridMoeda1 is invalid.
Line 1440: The property name _StyleDefs(29) in TDBGridMoeda1 is invalid.
Line 1441: The property name _StyleDefs(30) in TDBGridMoeda1 is invalid.
Line 1442: The property name _StyleDefs(31) in TDBGridMoeda1 is invalid.
Line 1443: The property name _StyleDefs(32) in TDBGridMoeda1 is invalid.
Line 1444: The property name _StyleDefs(33) in TDBGridMoeda1 is invalid.
Line 1445: The property name _StyleDefs(34) in TDBGridMoeda1 is invalid.
Line 1446: The property name _StyleDefs(35) in TDBGridMoeda1 is invalid.
Line 1447: The property name _StyleDefs(36) in TDBGridMoeda1 is invalid.
Line 1448: The property name _StyleDefs(37) in TDBGridMoeda1 is invalid.
Line 1449: The property name _StyleDefs(38) in TDBGridMoeda1 is invalid.
Line 1450: The property name _StyleDefs(39) in TDBGridMoeda1 is invalid.
Line 1451: The property name _StyleDefs(40) in TDBGridMoeda1 is invalid.
Line 1452: The property name _StyleDefs(41) in TDBGridMoeda1 is invalid.
Line 1453: The property name _StyleDefs(42) in TDBGridMoeda1 is invalid.
Line 1454: The property name _StyleDefs(43) in TDBGridMoeda1 is invalid.
Line 1455: The property name _StyleDefs(44) in TDBGridMoeda1 is invalid.
Line 1456: The property name _StyleDefs(45) in TDBGridMoeda1 is invalid.
Line 1457: The property name _StyleDefs(46) in TDBGridMoeda1 is invalid.
Line 1458: The property name _StyleDefs(47) in TDBGridMoeda1 is invalid.
Line 1459: The property name _StyleDefs(48) in TDBGridMoeda1 is invalid.
Line 1460: The property name _StyleDefs(49) in TDBGridMoeda1 is invalid.
Line 1461: The property name _StyleDefs(50) in TDBGridMoeda1 is invalid.
Line 1462: The property name _StyleDefs(51) in TDBGridMoeda1 is invalid.
Line 1463: The property name _StyleDefs(52) in TDBGridMoeda1 is invalid.
Line 1464: The property name _StyleDefs(53) in TDBGridMoeda1 is invalid.
Line 1465: The property name _StyleDefs(54) in TDBGridMoeda1 is invalid.
Line 1466: The property name _StyleDefs(55) in TDBGridMoeda1 is invalid.
Line 1467: The property name _StyleDefs(56) in TDBGridMoeda1 is invalid.
Line 1468: The property name _StyleDefs(57) in TDBGridMoeda1 is invalid.
Line 1469: The property name _StyleDefs(58) in TDBGridMoeda1 is invalid.
Line 1470: The property name _StyleDefs(59) in TDBGridMoeda1 is invalid.
Line 1471: The property name _StyleDefs(60) in TDBGridMoeda1 is invalid.
Line 1472: The property name _StyleDefs(61) in TDBGridMoeda1 is invalid.
Line 1473: The property name _StyleDefs(62) in TDBGridMoeda1 is invalid.
Line 1474: The property name _StyleDefs(63) in TDBGridMoeda1 is invalid.
Line 1482: The property name _ExtentX in TDBGridObs1 is invalid.
Line 1483: The property name _ExtentY in TDBGridObs1 is invalid.
Line 1484: The property name _LayoutType in TDBGridObs1 is invalid.
Line 1485: The property name _RowHeight in TDBGridObs1 is invalid.
Line 1486: The property name _WasPersistedAsPixels in TDBGridObs1 is invalid.
Line 1487: The property name Columns(0)._VlistStyle in TDBGridObs1 is invalid.
Line 1488: The property name Columns(0)._MaxComboItems in TDBGridObs1 is invalid.
Line 1489: The property name Columns(0).Caption in TDBGridObs1 is invalid.
Line 1490: The property name Columns(0).DataField in TDBGridObs1 is invalid.
Line 1491: The property name Columns(0)._PropDict in TDBGridObs1 is invalid.
Line 1492: The property name Columns(1)._VlistStyle in TDBGridObs1 is invalid.
Line 1493: The property name Columns(1)._MaxComboItems in TDBGridObs1 is invalid.
Line 1494: The property name Columns(1).Caption in TDBGridObs1 is invalid.
Line 1495: The property name Columns(1).DataField in TDBGridObs1 is invalid.
Line 1496: The property name Columns(1)._PropDict in TDBGridObs1 is invalid.
Line 1497: The property name Columns.Count in TDBGridObs1 is invalid.
Line 1498: The property name Splits(0)._UserFlags in TDBGridObs1 is invalid.
Line 1499: The property name Splits(0).ExtendRightColumn in TDBGridObs1 is invalid.
Line 1500: The property name Splits(0).Locked in TDBGridObs1 is invalid.
Line 1501: The property name Splits(0).MarqueeStyle in TDBGridObs1 is invalid.
Line 1502: The property name Splits(0).RecordSelectorWidth in TDBGridObs1 is invalid.
Line 1503: The property name Splits(0).AllowColMove in TDBGridObs1 is invalid.
Line 1504: The property name Splits(0).DividerColor in TDBGridObs1 is invalid.
Line 1505: The property name Splits(0).SpringMode in TDBGridObs1 is invalid.
Line 1506: The property name Splits(0)._PropDict in TDBGridObs1 is invalid.
Line 1507: The property name Splits(0)._ColumnProps(0) in TDBGridObs1 is invalid.
Line 1508: The property name Splits(0)._ColumnProps(1) in TDBGridObs1 is invalid.
Line 1509: The property name Splits(0)._ColumnProps(2) in TDBGridObs1 is invalid.
Line 1510: The property name Splits(0)._ColumnProps(3) in TDBGridObs1 is invalid.
Line 1511: The property name Splits(0)._ColumnProps(4) in TDBGridObs1 is invalid.
Line 1512: The property name Splits(0)._ColumnProps(5) in TDBGridObs1 is invalid.
Line 1513: The property name Splits(0)._ColumnProps(6) in TDBGridObs1 is invalid.
Line 1514: The property name Splits(0)._ColumnProps(7) in TDBGridObs1 is invalid.
Line 1515: The property name Splits(0)._ColumnProps(8) in TDBGridObs1 is invalid.
Line 1516: The property name Splits(0)._ColumnProps(9) in TDBGridObs1 is invalid.
Line 1517: The property name Splits(0)._ColumnProps(10) in TDBGridObs1 is invalid.
Line 1518: The property name Splits(0)._ColumnProps(11) in TDBGridObs1 is invalid.
Line 1519: The property name Splits(0)._ColumnProps(12) in TDBGridObs1 is invalid.
Line 1520: The property name Splits(0)._ColumnProps(13) in TDBGridObs1 is invalid.
Line 1521: The property name Splits(0)._ColumnProps(14) in TDBGridObs1 is invalid.
Line 1522: The property name Splits(0)._ColumnProps(15) in TDBGridObs1 is invalid.
Line 1523: The property name Splits(0)._ColumnProps(16) in TDBGridObs1 is invalid.
Line 1524: The property name Splits(0)._ColumnProps(17) in TDBGridObs1 is invalid.
Line 1525: The property name Splits(0)._ColumnProps(18) in TDBGridObs1 is invalid.
Line 1526: The property name Splits(0)._ColumnProps(19) in TDBGridObs1 is invalid.
Line 1527: The property name Splits(0)._ColumnProps(20) in TDBGridObs1 is invalid.
Line 1528: The property name Splits(0)._ColumnProps(21) in TDBGridObs1 is invalid.
Line 1529: The property name Splits(0)._ColumnProps(22) in TDBGridObs1 is invalid.
Line 1530: The property name Splits.Count in TDBGridObs1 is invalid.
Line 1531: The property name PrintInfos(0)._StateFlags in TDBGridObs1 is invalid.
Line 1532: The property name PrintInfos(0).Name in TDBGridObs1 is invalid.
Line 1533: The property name PrintInfos(0).PageHeaderFont in TDBGridObs1 is invalid.
Line 1534: The property name PrintInfos(0).PageFooterFont in TDBGridObs1 is invalid.
Line 1535: The property name PrintInfos(0).PageHeaderHeight in TDBGridObs1 is invalid.
Line 1536: The property name PrintInfos(0).PageFooterHeight in TDBGridObs1 is invalid.
Line 1537: The property name PrintInfos.Count in TDBGridObs1 is invalid.
Line 1538: The property name DataMode in TDBGridObs1 is invalid.
Line 1539: The property name DefColWidth in TDBGridObs1 is invalid.
Line 1540: The property name HeadLines in TDBGridObs1 is invalid.
Line 1541: The property name FootLines in TDBGridObs1 is invalid.
Line 1542: The property name MultipleLines in TDBGridObs1 is invalid.
Line 1543: The property name CellTipsWidth in TDBGridObs1 is invalid.
Line 1544: The property name DeadAreaBackColor in TDBGridObs1 is invalid.
Line 1545: The property name RowDividerColor in TDBGridObs1 is invalid.
Line 1546: The property name RowSubDividerColor in TDBGridObs1 is invalid.
Line 1547: The property name DirectionAfterEnter in TDBGridObs1 is invalid.
Line 1548: The property name MaxRows in TDBGridObs1 is invalid.
Line 1549: The property name _PropDict in TDBGridObs1 is invalid.
Line 1550: The property name _StyleDefs(0) in TDBGridObs1 is invalid.
Line 1551: The property name _StyleDefs(1) in TDBGridObs1 is invalid.
Line 1552: The property name _StyleDefs(2) in TDBGridObs1 is invalid.
Line 1553: The property name _StyleDefs(3) in TDBGridObs1 is invalid.
Line 1554: The property name _StyleDefs(4) in TDBGridObs1 is invalid.
Line 1555: The property name _StyleDefs(5) in TDBGridObs1 is invalid.
Line 1556: The property name _StyleDefs(6) in TDBGridObs1 is invalid.
Line 1557: The property name _StyleDefs(7) in TDBGridObs1 is invalid.
Line 1558: The property name _StyleDefs(8) in TDBGridObs1 is invalid.
Line 1559: The property name _StyleDefs(9) in TDBGridObs1 is invalid.
Line 1560: The property name _StyleDefs(10) in TDBGridObs1 is invalid.
Line 1561: The property name _StyleDefs(11) in TDBGridObs1 is invalid.
Line 1562: The property name _StyleDefs(12) in TDBGridObs1 is invalid.
Line 1563: The property name _StyleDefs(13) in TDBGridObs1 is invalid.
Line 1564: The property name _StyleDefs(14) in TDBGridObs1 is invalid.
Line 1565: The property name _StyleDefs(15) in TDBGridObs1 is invalid.
Line 1566: The property name _StyleDefs(16) in TDBGridObs1 is invalid.
Line 1567: The property name _StyleDefs(17) in TDBGridObs1 is invalid.
Line 1568: The property name _StyleDefs(18) in TDBGridObs1 is invalid.
Line 1569: The property name _StyleDefs(19) in TDBGridObs1 is invalid.
Line 1570: The property name _StyleDefs(20) in TDBGridObs1 is invalid.
Line 1571: The property name _StyleDefs(21) in TDBGridObs1 is invalid.
Line 1572: The property name _StyleDefs(22) in TDBGridObs1 is invalid.
Line 1573: The property name _StyleDefs(23) in TDBGridObs1 is invalid.
Line 1574: The property name _StyleDefs(24) in TDBGridObs1 is invalid.
Line 1575: The property name _StyleDefs(25) in TDBGridObs1 is invalid.
Line 1576: The property name _StyleDefs(26) in TDBGridObs1 is invalid.
Line 1577: The property name _StyleDefs(27) in TDBGridObs1 is invalid.
Line 1578: The property name _StyleDefs(28) in TDBGridObs1 is invalid.
Line 1579: The property name _StyleDefs(29) in TDBGridObs1 is invalid.
Line 1580: The property name _StyleDefs(30) in TDBGridObs1 is invalid.
Line 1581: The property name _StyleDefs(31) in TDBGridObs1 is invalid.
Line 1582: The property name _StyleDefs(32) in TDBGridObs1 is invalid.
Line 1583: The property name _StyleDefs(33) in TDBGridObs1 is invalid.
Line 1584: The property name _StyleDefs(34) in TDBGridObs1 is invalid.
Line 1585: The property name _StyleDefs(35) in TDBGridObs1 is invalid.
Line 1586: The property name _StyleDefs(36) in TDBGridObs1 is invalid.
Line 1587: The property name _StyleDefs(37) in TDBGridObs1 is invalid.
Line 1588: The property name _StyleDefs(38) in TDBGridObs1 is invalid.
Line 1589: The property name _StyleDefs(39) in TDBGridObs1 is invalid.
Line 1590: The property name _StyleDefs(40) in TDBGridObs1 is invalid.
Line 1591: The property name _StyleDefs(41) in TDBGridObs1 is invalid.
Line 1592: The property name _StyleDefs(42) in TDBGridObs1 is invalid.
Line 1593: The property name _StyleDefs(43) in TDBGridObs1 is invalid.
Line 1594: The property name _StyleDefs(44) in TDBGridObs1 is invalid.
Line 1595: The property name _StyleDefs(45) in TDBGridObs1 is invalid.
Line 1596: The property name _StyleDefs(46) in TDBGridObs1 is invalid.
Line 1597: The property name _StyleDefs(47) in TDBGridObs1 is invalid.
Line 1598: The property name _StyleDefs(48) in TDBGridObs1 is invalid.
Line 1599: The property name _StyleDefs(49) in TDBGridObs1 is invalid.
Line 1600: The property name _StyleDefs(50) in TDBGridObs1 is invalid.
Line 1601: The property name _StyleDefs(51) in TDBGridObs1 is invalid.
Line 1602: The property name _StyleDefs(52) in TDBGridObs1 is invalid.
Line 1603: The property name _StyleDefs(53) in TDBGridObs1 is invalid.
Line 1604: The property name _StyleDefs(54) in TDBGridObs1 is invalid.
Line 1605: The property name _StyleDefs(55) in TDBGridObs1 is invalid.
Line 1606: The property name _StyleDefs(56) in TDBGridObs1 is invalid.
Line 1607: The property name _StyleDefs(57) in TDBGridObs1 is invalid.
Line 1608: The property name _StyleDefs(58) in TDBGridObs1 is invalid.
Line 1609: The property name _StyleDefs(59) in TDBGridObs1 is invalid.
Line 1610: The property name _StyleDefs(60) in TDBGridObs1 is invalid.
Line 1611: The property name _StyleDefs(61) in TDBGridObs1 is invalid.
Line 1612: The property name _StyleDefs(62) in TDBGridObs1 is invalid.
Line 1613: The property name _StyleDefs(63) in TDBGridObs1 is invalid.
Line 1621: The property name _ExtentX in TDBGridMoeda2 is invalid.
Line 1622: The property name _ExtentY in TDBGridMoeda2 is invalid.
Line 1623: The property name _LayoutType in TDBGridMoeda2 is invalid.
Line 1624: The property name _RowHeight in TDBGridMoeda2 is invalid.
Line 1625: The property name _WasPersistedAsPixels in TDBGridMoeda2 is invalid.
Line 1626: The property name Columns(0)._VlistStyle in TDBGridMoeda2 is invalid.
Line 1627: The property name Columns(0)._MaxComboItems in TDBGridMoeda2 is invalid.
Line 1628: The property name Columns(0).Caption in TDBGridMoeda2 is invalid.
Line 1629: The property name Columns(0).DataField in TDBGridMoeda2 is invalid.
Line 1630: The property name Columns(0)._PropDict in TDBGridMoeda2 is invalid.
Line 1631: The property name Columns(1)._VlistStyle in TDBGridMoeda2 is invalid.
Line 1632: The property name Columns(1)._MaxComboItems in TDBGridMoeda2 is invalid.
Line 1633: The property name Columns(1).Caption in TDBGridMoeda2 is invalid.
Line 1634: The property name Columns(1).DataField in TDBGridMoeda2 is invalid.
Line 1635: The property name Columns(1)._PropDict in TDBGridMoeda2 is invalid.
Line 1636: The property name Columns.Count in TDBGridMoeda2 is invalid.
Line 1637: The property name Splits(0)._UserFlags in TDBGridMoeda2 is invalid.
Line 1638: The property name Splits(0).ExtendRightColumn in TDBGridMoeda2 is invalid.
Line 1639: The property name Splits(0).Locked in TDBGridMoeda2 is invalid.
Line 1640: The property name Splits(0).MarqueeStyle in TDBGridMoeda2 is invalid.
Line 1641: The property name Splits(0).RecordSelectorWidth in TDBGridMoeda2 is invalid.
Line 1642: The property name Splits(0).AllowColMove in TDBGridMoeda2 is invalid.
Line 1643: The property name Splits(0).DividerColor in TDBGridMoeda2 is invalid.
Line 1644: The property name Splits(0).SpringMode in TDBGridMoeda2 is invalid.
Line 1645: The property name Splits(0)._PropDict in TDBGridMoeda2 is invalid.
Line 1646: The property name Splits(0)._ColumnProps(0) in TDBGridMoeda2 is invalid.
Line 1647: The property name Splits(0)._ColumnProps(1) in TDBGridMoeda2 is invalid.
Line 1648: The property name Splits(0)._ColumnProps(2) in TDBGridMoeda2 is invalid.
Line 1649: The property name Splits(0)._ColumnProps(3) in TDBGridMoeda2 is invalid.
Line 1650: The property name Splits(0)._ColumnProps(4) in TDBGridMoeda2 is invalid.
Line 1651: The property name Splits(0)._ColumnProps(5) in TDBGridMoeda2 is invalid.
Line 1652: The property name Splits(0)._ColumnProps(6) in TDBGridMoeda2 is invalid.
Line 1653: The property name Splits(0)._ColumnProps(7) in TDBGridMoeda2 is invalid.
Line 1654: The property name Splits(0)._ColumnProps(8) in TDBGridMoeda2 is invalid.
Line 1655: The property name Splits(0)._ColumnProps(9) in TDBGridMoeda2 is invalid.
Line 1656: The property name Splits(0)._ColumnProps(10) in TDBGridMoeda2 is invalid.
Line 1657: The property name Splits(0)._ColumnProps(11) in TDBGridMoeda2 is invalid.
Line 1658: The property name Splits(0)._ColumnProps(12) in TDBGridMoeda2 is invalid.
Line 1659: The property name Splits(0)._ColumnProps(13) in TDBGridMoeda2 is invalid.
Line 1660: The property name Splits(0)._ColumnProps(14) in TDBGridMoeda2 is invalid.
Line 1661: The property name Splits(0)._ColumnProps(15) in TDBGridMoeda2 is invalid.
Line 1662: The property name Splits(0)._ColumnProps(16) in TDBGridMoeda2 is invalid.
Line 1663: The property name Splits(0)._ColumnProps(17) in TDBGridMoeda2 is invalid.
Line 1664: The property name Splits(0)._ColumnProps(18) in TDBGridMoeda2 is invalid.
Line 1665: The property name Splits(0)._ColumnProps(19) in TDBGridMoeda2 is invalid.
Line 1666: The property name Splits(0)._ColumnProps(20) in TDBGridMoeda2 is invalid.
Line 1667: The property name Splits(0)._ColumnProps(21) in TDBGridMoeda2 is invalid.
Line 1668: The property name Splits(0)._ColumnProps(22) in TDBGridMoeda2 is invalid.
Line 1669: The property name Splits.Count in TDBGridMoeda2 is invalid.
Line 1670: The property name PrintInfos(0)._StateFlags in TDBGridMoeda2 is invalid.
Line 1671: The property name PrintInfos(0).Name in TDBGridMoeda2 is invalid.
Line 1672: The property name PrintInfos(0).PageHeaderFont in TDBGridMoeda2 is invalid.
Line 1673: The property name PrintInfos(0).PageFooterFont in TDBGridMoeda2 is invalid.
Line 1674: The property name PrintInfos(0).PageHeaderHeight in TDBGridMoeda2 is invalid.
Line 1675: The property name PrintInfos(0).PageFooterHeight in TDBGridMoeda2 is invalid.
Line 1676: The property name PrintInfos.Count in TDBGridMoeda2 is invalid.
Line 1677: The property name DataMode in TDBGridMoeda2 is invalid.
Line 1678: The property name DefColWidth in TDBGridMoeda2 is invalid.
Line 1679: The property name HeadLines in TDBGridMoeda2 is invalid.
Line 1680: The property name FootLines in TDBGridMoeda2 is invalid.
Line 1681: The property name MultipleLines in TDBGridMoeda2 is invalid.
Line 1682: The property name CellTipsWidth in TDBGridMoeda2 is invalid.
Line 1683: The property name DeadAreaBackColor in TDBGridMoeda2 is invalid.
Line 1684: The property name RowDividerColor in TDBGridMoeda2 is invalid.
Line 1685: The property name RowSubDividerColor in TDBGridMoeda2 is invalid.
Line 1686: The property name DirectionAfterEnter in TDBGridMoeda2 is invalid.
Line 1687: The property name MaxRows in TDBGridMoeda2 is invalid.
Line 1688: The property name _PropDict in TDBGridMoeda2 is invalid.
Line 1689: The property name _StyleDefs(0) in TDBGridMoeda2 is invalid.
Line 1690: The property name _StyleDefs(1) in TDBGridMoeda2 is invalid.
Line 1691: The property name _StyleDefs(2) in TDBGridMoeda2 is invalid.
Line 1692: The property name _StyleDefs(3) in TDBGridMoeda2 is invalid.
Line 1693: The property name _StyleDefs(4) in TDBGridMoeda2 is invalid.
Line 1694: The property name _StyleDefs(5) in TDBGridMoeda2 is invalid.
Line 1695: The property name _StyleDefs(6) in TDBGridMoeda2 is invalid.
Line 1696: The property name _StyleDefs(7) in TDBGridMoeda2 is invalid.
Line 1697: The property name _StyleDefs(8) in TDBGridMoeda2 is invalid.
Line 1698: The property name _StyleDefs(9) in TDBGridMoeda2 is invalid.
Line 1699: The property name _StyleDefs(10) in TDBGridMoeda2 is invalid.
Line 1700: The property name _StyleDefs(11) in TDBGridMoeda2 is invalid.
Line 1701: The property name _StyleDefs(12) in TDBGridMoeda2 is invalid.
Line 1702: The property name _StyleDefs(13) in TDBGridMoeda2 is invalid.
Line 1703: The property name _StyleDefs(14) in TDBGridMoeda2 is invalid.
Line 1704: The property name _StyleDefs(15) in TDBGridMoeda2 is invalid.
Line 1705: The property name _StyleDefs(16) in TDBGridMoeda2 is invalid.
Line 1706: The property name _StyleDefs(17) in TDBGridMoeda2 is invalid.
Line 1707: The property name _StyleDefs(18) in TDBGridMoeda2 is invalid.
Line 1708: The property name _StyleDefs(19) in TDBGridMoeda2 is invalid.
Line 1709: The property name _StyleDefs(20) in TDBGridMoeda2 is invalid.
Line 1710: The property name _StyleDefs(21) in TDBGridMoeda2 is invalid.
Line 1711: The property name _StyleDefs(22) in TDBGridMoeda2 is invalid.
Line 1712: The property name _StyleDefs(23) in TDBGridMoeda2 is invalid.
Line 1713: The property name _StyleDefs(24) in TDBGridMoeda2 is invalid.
Line 1714: The property name _StyleDefs(25) in TDBGridMoeda2 is invalid.
Line 1715: The property name _StyleDefs(26) in TDBGridMoeda2 is invalid.
Line 1716: The property name _StyleDefs(27) in TDBGridMoeda2 is invalid.
Line 1717: The property name _StyleDefs(28) in TDBGridMoeda2 is invalid.
Line 1718: The property name _StyleDefs(29) in TDBGridMoeda2 is invalid.
Line 1719: The property name _StyleDefs(30) in TDBGridMoeda2 is invalid.
Line 1720: The property name _StyleDefs(31) in TDBGridMoeda2 is invalid.
Line 1721: The property name _StyleDefs(32) in TDBGridMoeda2 is invalid.
Line 1722: The property name _StyleDefs(33) in TDBGridMoeda2 is invalid.
Line 1723: The property name _StyleDefs(34) in TDBGridMoeda2 is invalid.
Line 1724: The property name _StyleDefs(35) in TDBGridMoeda2 is invalid.
Line 1725: The property name _StyleDefs(36) in TDBGridMoeda2 is invalid.
Line 1726: The property name _StyleDefs(37) in TDBGridMoeda2 is invalid.
Line 1727: The property name _StyleDefs(38) in TDBGridMoeda2 is invalid.
Line 1728: The property name _StyleDefs(39) in TDBGridMoeda2 is invalid.
Line 1729: The property name _StyleDefs(40) in TDBGridMoeda2 is invalid.
Line 1730: The property name _StyleDefs(41) in TDBGridMoeda2 is invalid.
Line 1731: The property name _StyleDefs(42) in TDBGridMoeda2 is invalid.
Line 1732: The property name _StyleDefs(43) in TDBGridMoeda2 is invalid.
Line 1733: The property name _StyleDefs(44) in TDBGridMoeda2 is invalid.
Line 1734: The property name _StyleDefs(45) in TDBGridMoeda2 is invalid.
Line 1735: The property name _StyleDefs(46) in TDBGridMoeda2 is invalid.
Line 1736: The property name _StyleDefs(47) in TDBGridMoeda2 is invalid.
Line 1737: The property name _StyleDefs(48) in TDBGridMoeda2 is invalid.
Line 1738: The property name _StyleDefs(49) in TDBGridMoeda2 is invalid.
Line 1739: The property name _StyleDefs(50) in TDBGridMoeda2 is invalid.
Line 1740: The property name _StyleDefs(51) in TDBGridMoeda2 is invalid.
Line 1741: The property name _StyleDefs(52) in TDBGridMoeda2 is invalid.
Line 1742: The property name _StyleDefs(53) in TDBGridMoeda2 is invalid.
Line 1743: The property name _StyleDefs(54) in TDBGridMoeda2 is invalid.
Line 1744: The property name _StyleDefs(55) in TDBGridMoeda2 is invalid.
Line 1745: The property name _StyleDefs(56) in TDBGridMoeda2 is invalid.
Line 1746: The property name _StyleDefs(57) in TDBGridMoeda2 is invalid.
Line 1747: The property name _StyleDefs(58) in TDBGridMoeda2 is invalid.
Line 1748: The property name _StyleDefs(59) in TDBGridMoeda2 is invalid.
Line 1749: The property name _StyleDefs(60) in TDBGridMoeda2 is invalid.
Line 1750: The property name _StyleDefs(61) in TDBGridMoeda2 is invalid.
Line 1751: The property name _StyleDefs(62) in TDBGridMoeda2 is invalid.
Line 1752: The property name _StyleDefs(63) in TDBGridMoeda2 is invalid.
Line 2005: The property name _ExtentX in TDBGrid1 is invalid.
Line 2006: The property name _ExtentY in TDBGrid1 is invalid.
Line 2007: The property name _LayoutType in TDBGrid1 is invalid.
Line 2008: The property name _RowHeight in TDBGrid1 is invalid.
Line 2009: The property name _WasPersistedAsPixels in TDBGrid1 is invalid.
Line 2010: The property name Columns(0)._VlistStyle in TDBGrid1 is invalid.
Line 2011: The property name Columns(0)._MaxComboItems in TDBGrid1 is invalid.
Line 2012: The property name Columns(0).Caption in TDBGrid1 is invalid.
Line 2013: The property name Columns(0).FooterText in TDBGrid1 is invalid.
Line 2014: The property name Columns(0).DataField in TDBGrid1 is invalid.
Line 2015: The property name Columns(0)._PropDict in TDBGrid1 is invalid.
Line 2016: The property name Columns(1)._VlistStyle in TDBGrid1 is invalid.
Line 2017: The property name Columns(1)._MaxComboItems in TDBGrid1 is invalid.
Line 2018: The property name Columns(1).Caption in TDBGrid1 is invalid.
Line 2019: The property name Columns(1).DataField in TDBGrid1 is invalid.
Line 2020: The property name Columns(1)._PropDict in TDBGrid1 is invalid.
Line 2021: The property name Columns(2)._VlistStyle in TDBGrid1 is invalid.
Line 2022: The property name Columns(2)._MaxComboItems in TDBGrid1 is invalid.
Line 2023: The property name Columns(2).Caption in TDBGrid1 is invalid.
Line 2024: The property name Columns(2).FooterText in TDBGrid1 is invalid.
Line 2025: The property name Columns(2).DataField in TDBGrid1 is invalid.
Line 2026: The property name Columns(2).NumberFormat in TDBGrid1 is invalid.
Line 2027: The property name Columns(2)._PropDict in TDBGrid1 is invalid.
Line 2028: The property name Columns(3)._VlistStyle in TDBGrid1 is invalid.
Line 2029: The property name Columns(3)._MaxComboItems in TDBGrid1 is invalid.
Line 2030: The property name Columns(3).Caption in TDBGrid1 is invalid.
Line 2031: The property name Columns(3).FooterText in TDBGrid1 is invalid.
Line 2032: The property name Columns(3).DataField in TDBGrid1 is invalid.
Line 2033: The property name Columns(3).NumberFormat in TDBGrid1 is invalid.
Line 2034: The property name Columns(3)._PropDict in TDBGrid1 is invalid.
Line 2035: The property name Columns(4)._VlistStyle in TDBGrid1 is invalid.
Line 2036: The property name Columns(4)._MaxComboItems in TDBGrid1 is invalid.
Line 2037: The property name Columns(4).Caption in TDBGrid1 is invalid.
Line 2038: The property name Columns(4).DataField in TDBGrid1 is invalid.
Line 2039: The property name Columns(4).NumberFormat in TDBGrid1 is invalid.
Line 2040: The property name Columns(4)._PropDict in TDBGrid1 is invalid.
Line 2041: The property name Columns(5)._VlistStyle in TDBGrid1 is invalid.
Line 2042: The property name Columns(5)._MaxComboItems in TDBGrid1 is invalid.
Line 2043: The property name Columns(5).Caption in TDBGrid1 is invalid.
Line 2044: The property name Columns(5).FooterText in TDBGrid1 is invalid.
Line 2045: The property name Columns(5).DataField in TDBGrid1 is invalid.
Line 2046: The property name Columns(5).NumberFormat in TDBGrid1 is invalid.
Line 2047: The property name Columns(5)._PropDict in TDBGrid1 is invalid.
Line 2048: The property name Columns(6)._VlistStyle in TDBGrid1 is invalid.
Line 2049: The property name Columns(6)._MaxComboItems in TDBGrid1 is invalid.
Line 2050: The property name Columns(6).Caption in TDBGrid1 is invalid.
Line 2051: The property name Columns(6).FooterText in TDBGrid1 is invalid.
Line 2052: The property name Columns(6).DataField in TDBGrid1 is invalid.
Line 2053: The property name Columns(6)._PropDict in TDBGrid1 is invalid.
Line 2054: The property name Columns(7)._VlistStyle in TDBGrid1 is invalid.
Line 2055: The property name Columns(7)._MaxComboItems in TDBGrid1 is invalid.
Line 2056: The property name Columns(7).Caption in TDBGrid1 is invalid.
Line 2057: The property name Columns(7).FooterText in TDBGrid1 is invalid.
Line 2058: The property name Columns(7).DataField in TDBGrid1 is invalid.
Line 2059: The property name Columns(7).NumberFormat in TDBGrid1 is invalid.
Line 2060: The property name Columns(7)._PropDict in TDBGrid1 is invalid.
Line 2061: The property name Columns(8)._VlistStyle in TDBGrid1 is invalid.
Line 2062: The property name Columns(8)._MaxComboItems in TDBGrid1 is invalid.
Line 2063: The property name Columns(8).Caption in TDBGrid1 is invalid.
Line 2064: The property name Columns(8).DataField in TDBGrid1 is invalid.
Line 2065: The property name Columns(8).NumberFormat in TDBGrid1 is invalid.
Line 2066: The property name Columns(8)._PropDict in TDBGrid1 is invalid.
Line 2067: The property name Columns(9)._VlistStyle in TDBGrid1 is invalid.
Line 2068: The property name Columns(9)._MaxComboItems in TDBGrid1 is invalid.
Line 2069: The property name Columns(9).Caption in TDBGrid1 is invalid.
Line 2070: The property name Columns(9).DataField in TDBGrid1 is invalid.
Line 2071: The property name Columns(9)._PropDict in TDBGrid1 is invalid.
Line 2072: The property name Columns.Count in TDBGrid1 is invalid.
Line 2073: The property name Splits(0)._UserFlags in TDBGrid1 is invalid.
Line 2074: The property name Splits(0).ExtendRightColumn in TDBGrid1 is invalid.
Line 2075: The property name Splits(0).MarqueeStyle in TDBGrid1 is invalid.
Line 2076: The property name Splits(0).RecordSelectorWidth in TDBGrid1 is invalid.
Line 2077: The property name Splits(0).DividerColor in TDBGrid1 is invalid.
Line 2078: The property name Splits(0).SpringMode in TDBGrid1 is invalid.
Line 2079: The property name Splits(0)._PropDict in TDBGrid1 is invalid.
Line 2080: The property name Splits(0)._ColumnProps(0) in TDBGrid1 is invalid.
Line 2081: The property name Splits(0)._ColumnProps(1) in TDBGrid1 is invalid.
Line 2082: The property name Splits(0)._ColumnProps(2) in TDBGrid1 is invalid.
Line 2083: The property name Splits(0)._ColumnProps(3) in TDBGrid1 is invalid.
Line 2084: The property name Splits(0)._ColumnProps(4) in TDBGrid1 is invalid.
Line 2085: The property name Splits(0)._ColumnProps(5) in TDBGrid1 is invalid.
Line 2086: The property name Splits(0)._ColumnProps(6) in TDBGrid1 is invalid.
Line 2087: The property name Splits(0)._ColumnProps(7) in TDBGrid1 is invalid.
Line 2088: The property name Splits(0)._ColumnProps(8) in TDBGrid1 is invalid.
Line 2089: The property name Splits(0)._ColumnProps(9) in TDBGrid1 is invalid.
Line 2090: The property name Splits(0)._ColumnProps(10) in TDBGrid1 is invalid.
Line 2091: The property name Splits(0)._ColumnProps(11) in TDBGrid1 is invalid.
Line 2092: The property name Splits(0)._ColumnProps(12) in TDBGrid1 is invalid.
Line 2093: The property name Splits(0)._ColumnProps(13) in TDBGrid1 is invalid.
Line 2094: The property name Splits(0)._ColumnProps(14) in TDBGrid1 is invalid.
Line 2095: The property name Splits(0)._ColumnProps(15) in TDBGrid1 is invalid.
Line 2096: The property name Splits(0)._ColumnProps(16) in TDBGrid1 is invalid.
Line 2097: The property name Splits(0)._ColumnProps(17) in TDBGrid1 is invalid.
Line 2098: The property name Splits(0)._ColumnProps(18) in TDBGrid1 is invalid.
Line 2099: The property name Splits(0)._ColumnProps(19) in TDBGrid1 is invalid.
Line 2100: The property name Splits(0)._ColumnProps(20) in TDBGrid1 is invalid.
Line 2101: The property name Splits(0)._ColumnProps(21) in TDBGrid1 is invalid.
Line 2102: The property name Splits(0)._ColumnProps(22) in TDBGrid1 is invalid.
Line 2103: The property name Splits(0)._ColumnProps(23) in TDBGrid1 is invalid.
Line 2104: The property name Splits(0)._ColumnProps(24) in TDBGrid1 is invalid.
Line 2105: The property name Splits(0)._ColumnProps(25) in TDBGrid1 is invalid.
Line 2106: The property name Splits(0)._ColumnProps(26) in TDBGrid1 is invalid.
Line 2107: The property name Splits(0)._ColumnProps(27) in TDBGrid1 is invalid.
Line 2108: The property name Splits(0)._ColumnProps(28) in TDBGrid1 is invalid.
Line 2109: The property name Splits(0)._ColumnProps(29) in TDBGrid1 is invalid.
Line 2110: The property name Splits(0)._ColumnProps(30) in TDBGrid1 is invalid.
Line 2111: The property name Splits(0)._ColumnProps(31) in TDBGrid1 is invalid.
Line 2112: The property name Splits(0)._ColumnProps(32) in TDBGrid1 is invalid.
Line 2113: The property name Splits(0)._ColumnProps(33) in TDBGrid1 is invalid.
Line 2114: The property name Splits(0)._ColumnProps(34) in TDBGrid1 is invalid.
Line 2115: The property name Splits(0)._ColumnProps(35) in TDBGrid1 is invalid.
Line 2116: The property name Splits(0)._ColumnProps(36) in TDBGrid1 is invalid.
Line 2117: The property name Splits(0)._ColumnProps(37) in TDBGrid1 is invalid.
Line 2118: The property name Splits(0)._ColumnProps(38) in TDBGrid1 is invalid.
Line 2119: The property name Splits(0)._ColumnProps(39) in TDBGrid1 is invalid.
Line 2120: The property name Splits(0)._ColumnProps(40) in TDBGrid1 is invalid.
Line 2121: The property name Splits(0)._ColumnProps(41) in TDBGrid1 is invalid.
Line 2122: The property name Splits(0)._ColumnProps(42) in TDBGrid1 is invalid.
Line 2123: The property name Splits(0)._ColumnProps(43) in TDBGrid1 is invalid.
Line 2124: The property name Splits(0)._ColumnProps(44) in TDBGrid1 is invalid.
Line 2125: The property name Splits(0)._ColumnProps(45) in TDBGrid1 is invalid.
Line 2126: The property name Splits(0)._ColumnProps(46) in TDBGrid1 is invalid.
Line 2127: The property name Splits(0)._ColumnProps(47) in TDBGrid1 is invalid.
Line 2128: The property name Splits(0)._ColumnProps(48) in TDBGrid1 is invalid.
Line 2129: The property name Splits(0)._ColumnProps(49) in TDBGrid1 is invalid.
Line 2130: The property name Splits(0)._ColumnProps(50) in TDBGrid1 is invalid.
Line 2131: The property name Splits(0)._ColumnProps(51) in TDBGrid1 is invalid.
Line 2132: The property name Splits(0)._ColumnProps(52) in TDBGrid1 is invalid.
Line 2133: The property name Splits(0)._ColumnProps(53) in TDBGrid1 is invalid.
Line 2134: The property name Splits(0)._ColumnProps(54) in TDBGrid1 is invalid.
Line 2135: The property name Splits(0)._ColumnProps(55) in TDBGrid1 is invalid.
Line 2136: The property name Splits(0)._ColumnProps(56) in TDBGrid1 is invalid.
Line 2137: The property name Splits(0)._ColumnProps(57) in TDBGrid1 is invalid.
Line 2138: The property name Splits(0)._ColumnProps(58) in TDBGrid1 is invalid.
Line 2139: The property name Splits(0)._ColumnProps(59) in TDBGrid1 is invalid.
Line 2140: The property name Splits(0)._ColumnProps(60) in TDBGrid1 is invalid.
Line 2141: The property name Splits(0)._ColumnProps(61) in TDBGrid1 is invalid.
Line 2142: The property name Splits(0)._ColumnProps(62) in TDBGrid1 is invalid.
Line 2143: The property name Splits(0)._ColumnProps(63) in TDBGrid1 is invalid.
Line 2144: The property name Splits(0)._ColumnProps(64) in TDBGrid1 is invalid.
Line 2145: The property name Splits(0)._ColumnProps(65) in TDBGrid1 is invalid.
Line 2146: The property name Splits(0)._ColumnProps(66) in TDBGrid1 is invalid.
Line 2147: The property name Splits(0)._ColumnProps(67) in TDBGrid1 is invalid.
Line 2148: The property name Splits(0)._ColumnProps(68) in TDBGrid1 is invalid.
Line 2149: The property name Splits(0)._ColumnProps(69) in TDBGrid1 is invalid.
Line 2150: The property name Splits(0)._ColumnProps(70) in TDBGrid1 is invalid.
Line 2151: The property name Splits(0)._ColumnProps(71) in TDBGrid1 is invalid.
Line 2152: The property name Splits(0)._ColumnProps(72) in TDBGrid1 is invalid.
Line 2153: The property name Splits(0)._ColumnProps(73) in TDBGrid1 is invalid.
Line 2154: The property name Splits(0)._ColumnProps(74) in TDBGrid1 is invalid.
Line 2155: The property name Splits(0)._ColumnProps(75) in TDBGrid1 is invalid.
Line 2156: The property name Splits(0)._ColumnProps(76) in TDBGrid1 is invalid.
Line 2157: The property name Splits(0)._ColumnProps(77) in TDBGrid1 is invalid.
Line 2158: The property name Splits(0)._ColumnProps(78) in TDBGrid1 is invalid.
Line 2159: The property name Splits(0)._ColumnProps(79) in TDBGrid1 is invalid.
Line 2160: The property name Splits(0)._ColumnProps(80) in TDBGrid1 is invalid.
Line 2161: The property name Splits(0)._ColumnProps(81) in TDBGrid1 is invalid.
Line 2162: The property name Splits(0)._ColumnProps(82) in TDBGrid1 is invalid.
Line 2163: The property name Splits(1)._UserFlags in TDBGrid1 is invalid.
Line 2164: The property name Splits(1).ExtendRightColumn in TDBGrid1 is invalid.
Line 2165: The property name Splits(1).MarqueeStyle in TDBGrid1 is invalid.
Line 2166: The property name Splits(1).RecordSelectors in TDBGrid1 is invalid.
Line 2167: The property name Splits(1).RecordSelectorWidth in TDBGrid1 is invalid.
Line 2168: The property name Splits(1).DividerColor in TDBGrid1 is invalid.
Line 2169: The property name Splits(1).SpringMode in TDBGrid1 is invalid.
Line 2170: The property name Splits(1)._PropDict in TDBGrid1 is invalid.
Line 2171: The property name Splits(1)._ColumnProps(0) in TDBGrid1 is invalid.
Line 2172: The property name Splits(1)._ColumnProps(1) in TDBGrid1 is invalid.
Line 2173: The property name Splits(1)._ColumnProps(2) in TDBGrid1 is invalid.
Line 2174: The property name Splits(1)._ColumnProps(3) in TDBGrid1 is invalid.
Line 2175: The property name Splits(1)._ColumnProps(4) in TDBGrid1 is invalid.
Line 2176: The property name Splits(1)._ColumnProps(5) in TDBGrid1 is invalid.
Line 2177: The property name Splits(1)._ColumnProps(6) in TDBGrid1 is invalid.
Line 2178: The property name Splits(1)._ColumnProps(7) in TDBGrid1 is invalid.
Line 2179: The property name Splits(1)._ColumnProps(8) in TDBGrid1 is invalid.
Line 2180: The property name Splits(1)._ColumnProps(9) in TDBGrid1 is invalid.
Line 2181: The property name Splits(1)._ColumnProps(10) in TDBGrid1 is invalid.
Line 2182: The property name Splits(1)._ColumnProps(11) in TDBGrid1 is invalid.
Line 2183: The property name Splits(1)._ColumnProps(12) in TDBGrid1 is invalid.
Line 2184: The property name Splits(1)._ColumnProps(13) in TDBGrid1 is invalid.
Line 2185: The property name Splits(1)._ColumnProps(14) in TDBGrid1 is invalid.
Line 2186: The property name Splits(1)._ColumnProps(15) in TDBGrid1 is invalid.
Line 2187: The property name Splits(1)._ColumnProps(16) in TDBGrid1 is invalid.
Line 2188: The property name Splits(1)._ColumnProps(17) in TDBGrid1 is invalid.
Line 2189: The property name Splits(1)._ColumnProps(18) in TDBGrid1 is invalid.
Line 2190: The property name Splits(1)._ColumnProps(19) in TDBGrid1 is invalid.
Line 2191: The property name Splits(1)._ColumnProps(20) in TDBGrid1 is invalid.
Line 2192: The property name Splits(1)._ColumnProps(21) in TDBGrid1 is invalid.
Line 2193: The property name Splits(1)._ColumnProps(22) in TDBGrid1 is invalid.
Line 2194: The property name Splits(1)._ColumnProps(23) in TDBGrid1 is invalid.
Line 2195: The property name Splits(1)._ColumnProps(24) in TDBGrid1 is invalid.
Line 2196: The property name Splits(1)._ColumnProps(25) in TDBGrid1 is invalid.
Line 2197: The property name Splits(1)._ColumnProps(26) in TDBGrid1 is invalid.
Line 2198: The property name Splits(1)._ColumnProps(27) in TDBGrid1 is invalid.
Line 2199: The property name Splits(1)._ColumnProps(28) in TDBGrid1 is invalid.
Line 2200: The property name Splits(1)._ColumnProps(29) in TDBGrid1 is invalid.
Line 2201: The property name Splits(1)._ColumnProps(30) in TDBGrid1 is invalid.
Line 2202: The property name Splits(1)._ColumnProps(31) in TDBGrid1 is invalid.
Line 2203: The property name Splits(1)._ColumnProps(32) in TDBGrid1 is invalid.
Line 2204: The property name Splits(1)._ColumnProps(33) in TDBGrid1 is invalid.
Line 2205: The property name Splits(1)._ColumnProps(34) in TDBGrid1 is invalid.
Line 2206: The property name Splits(1)._ColumnProps(35) in TDBGrid1 is invalid.
Line 2207: The property name Splits(1)._ColumnProps(36) in TDBGrid1 is invalid.
Line 2208: The property name Splits(1)._ColumnProps(37) in TDBGrid1 is invalid.
Line 2209: The property name Splits(1)._ColumnProps(38) in TDBGrid1 is invalid.
Line 2210: The property name Splits(1)._ColumnProps(39) in TDBGrid1 is invalid.
Line 2211: The property name Splits(1)._ColumnProps(40) in TDBGrid1 is invalid.
Line 2212: The property name Splits(1)._ColumnProps(41) in TDBGrid1 is invalid.
Line 2213: The property name Splits(1)._ColumnProps(42) in TDBGrid1 is invalid.
Line 2214: The property name Splits(1)._ColumnProps(43) in TDBGrid1 is invalid.
Line 2215: The property name Splits(1)._ColumnProps(44) in TDBGrid1 is invalid.
Line 2216: The property name Splits(1)._ColumnProps(45) in TDBGrid1 is invalid.
Line 2217: The property name Splits(1)._ColumnProps(46) in TDBGrid1 is invalid.
Line 2218: The property name Splits(1)._ColumnProps(47) in TDBGrid1 is invalid.
Line 2219: The property name Splits(1)._ColumnProps(48) in TDBGrid1 is invalid.
Line 2220: The property name Splits(1)._ColumnProps(49) in TDBGrid1 is invalid.
Line 2221: The property name Splits(1)._ColumnProps(50) in TDBGrid1 is invalid.
Line 2222: The property name Splits(1)._ColumnProps(51) in TDBGrid1 is invalid.
Line 2223: The property name Splits(1)._ColumnProps(52) in TDBGrid1 is invalid.
Line 2224: The property name Splits(1)._ColumnProps(53) in TDBGrid1 is invalid.
Line 2225: The property name Splits(1)._ColumnProps(54) in TDBGrid1 is invalid.
Line 2226: The property name Splits(1)._ColumnProps(55) in TDBGrid1 is invalid.
Line 2227: The property name Splits(1)._ColumnProps(56) in TDBGrid1 is invalid.
Line 2228: The property name Splits(1)._ColumnProps(57) in TDBGrid1 is invalid.
Line 2229: The property name Splits(1)._ColumnProps(58) in TDBGrid1 is invalid.
Line 2230: The property name Splits(1)._ColumnProps(59) in TDBGrid1 is invalid.
Line 2231: The property name Splits(1)._ColumnProps(60) in TDBGrid1 is invalid.
Line 2232: The property name Splits(1)._ColumnProps(61) in TDBGrid1 is invalid.
Line 2233: The property name Splits(1)._ColumnProps(62) in TDBGrid1 is invalid.
Line 2234: The property name Splits(1)._ColumnProps(63) in TDBGrid1 is invalid.
Line 2235: The property name Splits(1)._ColumnProps(64) in TDBGrid1 is invalid.
Line 2236: The property name Splits(1)._ColumnProps(65) in TDBGrid1 is invalid.
Line 2237: The property name Splits(1)._ColumnProps(66) in TDBGrid1 is invalid.
Line 2238: The property name Splits(1)._ColumnProps(67) in TDBGrid1 is invalid.
Line 2239: The property name Splits(1)._ColumnProps(68) in TDBGrid1 is invalid.
Line 2240: The property name Splits(1)._ColumnProps(69) in TDBGrid1 is invalid.
Line 2241: The property name Splits(1)._ColumnProps(70) in TDBGrid1 is invalid.
Line 2242: The property name Splits(1)._ColumnProps(71) in TDBGrid1 is invalid.
Line 2243: The property name Splits(1)._ColumnProps(72) in TDBGrid1 is invalid.
Line 2244: The property name Splits(1)._ColumnProps(73) in TDBGrid1 is invalid.
Line 2245: The property name Splits.Count in TDBGrid1 is invalid.
Line 2246: The property name PrintInfos(0)._StateFlags in TDBGrid1 is invalid.
Line 2247: The property name PrintInfos(0).Name in TDBGrid1 is invalid.
Line 2248: The property name PrintInfos(0).PageHeaderFont in TDBGrid1 is invalid.
Line 2249: The property name PrintInfos(0).PageFooterFont in TDBGrid1 is invalid.
Line 2250: The property name PrintInfos(0).PageHeaderHeight in TDBGrid1 is invalid.
Line 2251: The property name PrintInfos(0).PageFooterHeight in TDBGrid1 is invalid.
Line 2252: The property name PrintInfos.Count in TDBGrid1 is invalid.
Line 2253: The property name DataMode in TDBGrid1 is invalid.
Line 2254: The property name DefColWidth in TDBGrid1 is invalid.
Line 2255: The property name HeadLines in TDBGrid1 is invalid.
Line 2256: The property name FootLines in TDBGrid1 is invalid.
Line 2257: The property name MultipleLines in TDBGrid1 is invalid.
Line 2258: The property name CellTipsWidth in TDBGrid1 is invalid.
Line 2259: The property name DeadAreaBackColor in TDBGrid1 is invalid.
Line 2260: The property name RowDividerColor in TDBGrid1 is invalid.
Line 2261: The property name RowSubDividerColor in TDBGrid1 is invalid.
Line 2262: The property name DirectionAfterEnter in TDBGrid1 is invalid.
Line 2263: The property name MaxRows in TDBGrid1 is invalid.
Line 2264: The property name _PropDict in TDBGrid1 is invalid.
Line 2265: The property name _StyleDefs(0) in TDBGrid1 is invalid.
Line 2266: The property name _StyleDefs(1) in TDBGrid1 is invalid.
Line 2267: The property name _StyleDefs(2) in TDBGrid1 is invalid.
Line 2268: The property name _StyleDefs(3) in TDBGrid1 is invalid.
Line 2269: The property name _StyleDefs(4) in TDBGrid1 is invalid.
Line 2270: The property name _StyleDefs(5) in TDBGrid1 is invalid.
Line 2271: The property name _StyleDefs(6) in TDBGrid1 is invalid.
Line 2272: The property name _StyleDefs(7) in TDBGrid1 is invalid.
Line 2273: The property name _StyleDefs(8) in TDBGrid1 is invalid.
Line 2274: The property name _StyleDefs(9) in TDBGrid1 is invalid.
Line 2275: The property name _StyleDefs(10) in TDBGrid1 is invalid.
Line 2276: The property name _StyleDefs(11) in TDBGrid1 is invalid.
Line 2277: The property name _StyleDefs(12) in TDBGrid1 is invalid.
Line 2278: The property name _StyleDefs(13) in TDBGrid1 is invalid.
Line 2279: The property name _StyleDefs(14) in TDBGrid1 is invalid.
Line 2280: The property name _StyleDefs(15) in TDBGrid1 is invalid.
Line 2281: The property name _StyleDefs(16) in TDBGrid1 is invalid.
Line 2282: The property name _StyleDefs(17) in TDBGrid1 is invalid.
Line 2283: The property name _StyleDefs(18) in TDBGrid1 is invalid.
Line 2284: The property name _StyleDefs(19) in TDBGrid1 is invalid.
Line 2285: The property name _StyleDefs(20) in TDBGrid1 is invalid.
Line 2286: The property name _StyleDefs(21) in TDBGrid1 is invalid.
Line 2287: The property name _StyleDefs(22) in TDBGrid1 is invalid.
Line 2288: The property name _StyleDefs(23) in TDBGrid1 is invalid.
Line 2289: The property name _StyleDefs(24) in TDBGrid1 is invalid.
Line 2290: The property name _StyleDefs(25) in TDBGrid1 is invalid.
Line 2291: The property name _StyleDefs(26) in TDBGrid1 is invalid.
Line 2292: The property name _StyleDefs(27) in TDBGrid1 is invalid.
Line 2293: The property name _StyleDefs(28) in TDBGrid1 is invalid.
Line 2294: The property name _StyleDefs(29) in TDBGrid1 is invalid.
Line 2295: The property name _StyleDefs(30) in TDBGrid1 is invalid.
Line 2296: The property name _StyleDefs(31) in TDBGrid1 is invalid.
Line 2297: The property name _StyleDefs(32) in TDBGrid1 is invalid.
Line 2298: The property name _StyleDefs(33) in TDBGrid1 is invalid.
Line 2299: The property name _StyleDefs(34) in TDBGrid1 is invalid.
Line 2300: The property name _StyleDefs(35) in TDBGrid1 is invalid.
Line 2301: The property name _StyleDefs(36) in TDBGrid1 is invalid.
Line 2302: The property name _StyleDefs(37) in TDBGrid1 is invalid.
Line 2303: The property name _StyleDefs(38) in TDBGrid1 is invalid.
Line 2304: The property name _StyleDefs(39) in TDBGrid1 is invalid.
Line 2305: The property name _StyleDefs(40) in TDBGrid1 is invalid.
Line 2306: The property name _StyleDefs(41) in TDBGrid1 is invalid.
Line 2307: The property name _StyleDefs(42) in TDBGrid1 is invalid.
Line 2308: The property name _StyleDefs(43) in TDBGrid1 is invalid.
Line 2309: The property name _StyleDefs(44) in TDBGrid1 is invalid.
Line 2310: The property name _StyleDefs(45) in TDBGrid1 is invalid.
Line 2311: The property name _StyleDefs(46) in TDBGrid1 is invalid.
Line 2312: The property name _StyleDefs(47) in TDBGrid1 is invalid.
Line 2313: The property name _StyleDefs(48) in TDBGrid1 is invalid.
Line 2314: The property name _StyleDefs(49) in TDBGrid1 is invalid.
Line 2315: The property name _StyleDefs(50) in TDBGrid1 is invalid.
Line 2316: The property name _StyleDefs(51) in TDBGrid1 is invalid.
Line 2317: The property name _StyleDefs(52) in TDBGrid1 is invalid.
Line 2318: The property name _StyleDefs(53) in TDBGrid1 is invalid.
Line 2319: The property name _StyleDefs(54) in TDBGrid1 is invalid.
Line 2320: The property name _StyleDefs(55) in TDBGrid1 is invalid.
Line 2321: The property name _StyleDefs(56) in TDBGrid1 is invalid.
Line 2322: The property name _StyleDefs(57) in TDBGrid1 is invalid.
Line 2323: The property name _StyleDefs(58) in TDBGrid1 is invalid.
Line 2324: The property name _StyleDefs(59) in TDBGrid1 is invalid.
Line 2325: The property name _StyleDefs(60) in TDBGrid1 is invalid.
Line 2326: The property name _StyleDefs(61) in TDBGrid1 is invalid.
Line 2327: The property name _StyleDefs(62) in TDBGrid1 is invalid.
Line 2328: The property name _StyleDefs(63) in TDBGrid1 is invalid.
Line 2329: The property name _StyleDefs(64) in TDBGrid1 is invalid.
Line 2330: The property name _StyleDefs(65) in TDBGrid1 is invalid.
Line 2331: The property name _StyleDefs(66) in TDBGrid1 is invalid.
Line 2332: The property name _StyleDefs(67) in TDBGrid1 is invalid.
Line 2333: The property name _StyleDefs(68) in TDBGrid1 is invalid.
Line 2334: The property name _StyleDefs(69) in TDBGrid1 is invalid.
Line 2335: The property name _StyleDefs(70) in TDBGrid1 is invalid.
Line 2336: The property name _StyleDefs(71) in TDBGrid1 is invalid.
Line 2337: The property name _StyleDefs(72) in TDBGrid1 is invalid.
Line 2338: The property name _StyleDefs(73) in TDBGrid1 is invalid.
Line 2339: The property name _StyleDefs(74) in TDBGrid1 is invalid.
Line 2340: The property name _StyleDefs(75) in TDBGrid1 is invalid.
Line 2341: The property name _StyleDefs(76) in TDBGrid1 is invalid.
Line 2342: The property name _StyleDefs(77) in TDBGrid1 is invalid.
Line 2343: The property name _StyleDefs(78) in TDBGrid1 is invalid.
Line 2344: The property name _StyleDefs(79) in TDBGrid1 is invalid.
Line 2345: The property name _StyleDefs(80) in TDBGrid1 is invalid.
Line 2346: The property name _StyleDefs(81) in TDBGrid1 is invalid.
Line 2347: The property name _StyleDefs(82) in TDBGrid1 is invalid.
Line 2348: The property name _StyleDefs(83) in TDBGrid1 is invalid.
Line 2349: The property name _StyleDefs(84) in TDBGrid1 is invalid.
Line 2350: The property name _StyleDefs(85) in TDBGrid1 is invalid.
Line 2351: The property name _StyleDefs(86) in TDBGrid1 is invalid.
Line 2352: The property name _StyleDefs(87) in TDBGrid1 is invalid.
Line 2353: The property name _StyleDefs(88) in TDBGrid1 is invalid.
Line 2354: The property name _StyleDefs(89) in TDBGrid1 is invalid.
Line 2355: The property name _StyleDefs(90) in TDBGrid1 is invalid.
Line 2356: The property name _StyleDefs(91) in TDBGrid1 is invalid.
Line 2357: The property name _StyleDefs(92) in TDBGrid1 is invalid.
Line 2358: The property name _StyleDefs(93) in TDBGrid1 is invalid.
Line 2359: The property name _StyleDefs(94) in TDBGrid1 is invalid.
Line 2360: The property name _StyleDefs(95) in TDBGrid1 is invalid.
Line 2361: The property name _StyleDefs(96) in TDBGrid1 is invalid.
Line 2362: The property name _StyleDefs(97) in TDBGrid1 is invalid.
Line 2363: The property name _StyleDefs(98) in TDBGrid1 is invalid.
Line 2364: The property name _StyleDefs(99) in TDBGrid1 is invalid.
Line 2365: The property name _StyleDefs(100) in TDBGrid1 is invalid.
Line 2366: The property name _StyleDefs(101) in TDBGrid1 is invalid.
Line 2367: The property name _StyleDefs(102) in TDBGrid1 is invalid.
Line 2368: The property name _StyleDefs(103) in TDBGrid1 is invalid.
Line 2369: The property name _StyleDefs(104) in TDBGrid1 is invalid.
Line 2370: The property name _StyleDefs(105) in TDBGrid1 is invalid.
Line 2371: The property name _StyleDefs(106) in TDBGrid1 is invalid.
Line 2372: The property name _StyleDefs(107) in TDBGrid1 is invalid.
Line 2373: The property name _StyleDefs(108) in TDBGrid1 is invalid.
Line 2374: The property name _StyleDefs(109) in TDBGrid1 is invalid.
Line 2375: The property name _StyleDefs(110) in TDBGrid1 is invalid.
Line 2376: The property name _StyleDefs(111) in TDBGrid1 is invalid.
Line 2377: The property name _StyleDefs(112) in TDBGrid1 is invalid.
Line 2378: The property name _StyleDefs(113) in TDBGrid1 is invalid.
Line 2379: The property name _StyleDefs(114) in TDBGrid1 is invalid.
Line 2380: The property name _StyleDefs(115) in TDBGrid1 is invalid.
Line 2381: The property name _StyleDefs(116) in TDBGrid1 is invalid.
Line 2382: The property name _StyleDefs(117) in TDBGrid1 is invalid.
Line 2383: The property name _StyleDefs(118) in TDBGrid1 is invalid.
Line 2384: The property name _StyleDefs(119) in TDBGrid1 is invalid.
Line 2385: The property name _StyleDefs(120) in TDBGrid1 is invalid.
Line 2386: The property name _StyleDefs(121) in TDBGrid1 is invalid.
Line 2387: The property name _StyleDefs(122) in TDBGrid1 is invalid.
Line 2388: The property name _StyleDefs(123) in TDBGrid1 is invalid.
Line 2389: The property name _StyleDefs(124) in TDBGrid1 is invalid.
Line 2390: The property name _StyleDefs(125) in TDBGrid1 is invalid.
Line 2391: The property name _StyleDefs(126) in TDBGrid1 is invalid.
Line 2392: The property name _StyleDefs(127) in TDBGrid1 is invalid.
Line 2393: The property name _StyleDefs(128) in TDBGrid1 is invalid.
Line 2394: The property name _StyleDefs(129) in TDBGrid1 is invalid.
Line 2395: The property name _StyleDefs(130) in TDBGrid1 is invalid.
Line 2396: The property name _StyleDefs(131) in TDBGrid1 is invalid.
Line 2397: The property name _StyleDefs(132) in TDBGrid1 is invalid.
Line 2398: The property name _StyleDefs(133) in TDBGrid1 is invalid.
Line 2399: The property name _StyleDefs(134) in TDBGrid1 is invalid.
Line 2400: The property name _StyleDefs(135) in TDBGrid1 is invalid.
Line 2401: The property name _StyleDefs(136) in TDBGrid1 is invalid.
Line 2402: The property name _StyleDefs(137) in TDBGrid1 is invalid.
Line 2403: The property name _StyleDefs(138) in TDBGrid1 is invalid.
Line 2404: The property name _StyleDefs(139) in TDBGrid1 is invalid.
Line 2405: The property name _StyleDefs(140) in TDBGrid1 is invalid.
Line 2406: The property name _StyleDefs(141) in TDBGrid1 is invalid.
Line 2407: The property name _StyleDefs(142) in TDBGrid1 is invalid.
Line 2408: The property name _StyleDefs(143) in TDBGrid1 is invalid.
Line 2409: The property name _StyleDefs(144) in TDBGrid1 is invalid.
Line 2410: The property name _StyleDefs(145) in TDBGrid1 is invalid.
Line 2411: The property name _StyleDefs(146) in TDBGrid1 is invalid.
Line 2412: The property name _StyleDefs(147) in TDBGrid1 is invalid.
Line 2413: The property name _StyleDefs(148) in TDBGrid1 is invalid.
